Command line invocation:
    /Applications/Xcode.app/Contents/Developer/usr/bin/xcodebuild -project FootprintMap.xcodeproj -scheme FootprintMap -destination "generic/platform=iOS Simulator" build

Resolve Package Graph


Resolved source packages:
  Turf: https://github.com/mapbox/turf-swift.git @ 4.0.0
  MapboxCommon: https://github.com/mapbox/mapbox-common-ios.git @ 24.19.0
  MapboxMaps: https://github.com/mapbox/mapbox-maps-ios.git @ 11.19.0
  MapboxCoreMaps: https://github.com/mapbox/mapbox-core-maps-ios.git @ 11.19.0

ComputePackagePrebuildTargetDependencyGraph

Prepare packages

CreateBuildRequest

SendProjectDescription

CreateBuildOperation

ComputeTargetDependencyGraph
note: Building targets in dependency order
note: Target dependency graph (9 targets)
    Target 'FootprintMap' in project 'FootprintMap'
        ➜ Explicit dependency on target 'MapboxMaps' in project 'MapboxMaps'
    Target 'MapboxMaps' in project 'MapboxMaps'
        ➜ Explicit dependency on target 'MapboxMaps' in project 'MapboxMaps'
        ➜ Explicit dependency on target 'MapboxMaps_MapboxMaps' in project 'MapboxMaps'
        ➜ Explicit dependency on target 'Turf' in project 'Turf'
        ➜ Explicit dependency on target 'MapboxCommon' in project 'MapboxCommon'
        ➜ Explicit dependency on target 'MapboxCoreMaps' in project 'MapboxCoreMaps'
    Target 'MapboxMaps' in project 'MapboxMaps'
        ➜ Explicit dependency on target 'MapboxMaps_MapboxMaps' in project 'MapboxMaps'
        ➜ Explicit dependency on target 'Turf' in project 'Turf'
        ➜ Explicit dependency on target 'MapboxCommon' in project 'MapboxCommon'
        ➜ Explicit dependency on target 'MapboxCoreMaps' in project 'MapboxCoreMaps'
    Target 'MapboxCoreMaps' in project 'MapboxCoreMaps'
        ➜ Explicit dependency on target 'MapboxCoreMapsWrapper' in project 'MapboxCoreMaps'
        ➜ Explicit dependency on target 'MapboxCommon' in project 'MapboxCommon'
    Target 'MapboxCoreMapsWrapper' in project 'MapboxCoreMaps'
        ➜ Explicit dependency on target 'MapboxCommon' in project 'MapboxCommon'
    Target 'MapboxCommon' in project 'MapboxCommon'
        ➜ Explicit dependency on target 'MapboxCommonWrapper' in project 'MapboxCommon'
        ➜ Explicit dependency on target 'Turf' in project 'Turf'
    Target 'MapboxCommonWrapper' in project 'MapboxCommon'
        ➜ Explicit dependency on target 'Turf' in project 'Turf'
    Target 'Turf' in project 'Turf' (no dependencies)
    Target 'MapboxMaps_MapboxMaps' in project 'MapboxMaps' (no dependencies)

GatherProvisioningInputs

CreateBuildDescription

ClangStatCache /Applications/Xcode.app/Contents/Developer/Toolchains/XcodeDefault.xctoolchain/usr/bin/clang-stat-cache /Applications/Xcode.app/Contents/Developer/Platforms/iPhoneSimulator.platform/Developer/SDKs/iPhoneSimulator26.2.sdk /Users/seven/Library/Developer/Xcode/DerivedData/SDKStatCaches.noindex/iphonesimulator26.2-23C57-dc75598d0054f22ec865fa860f139d727d00a8b37fbd7999ea79df8ebc024bf0.sdkstatcache
    cd /Users/seven/Downloads/PhotoTrail/FootprintMap/FootprintMap.xcodeproj
    /Applications/Xcode.app/Contents/Developer/Toolchains/XcodeDefault.xctoolchain/usr/bin/clang-stat-cache /Applications/Xcode.app/Contents/Developer/Platforms/iPhoneSimulator.platform/Developer/SDKs/iPhoneSimulator26.2.sdk -o /Users/seven/Library/Developer/Xcode/DerivedData/SDKStatCaches.noindex/iphonesimulator26.2-23C57-dc75598d0054f22ec865fa860f139d727d00a8b37fbd7999ea79df8ebc024bf0.sdkstatcache

SwiftDriver FootprintMap normal arm64 com.apple.xcode.tools.swift.compiler (in target 'FootprintMap' from project 'FootprintMap')
    cd /Users/seven/Downloads/PhotoTrail/FootprintMap
    builtin-SwiftDriver -- /Applications/Xcode.app/Contents/Developer/Toolchains/XcodeDefault.xctoolchain/usr/bin/swiftc -module-name FootprintMap -Onone -enforce-exclusivity\=checked @/Users/seven/Library/Developer/Xcode/DerivedData/FootprintMap-eophndivrlpxbbcrlehafohdrtst/Build/Intermediates.noindex/FootprintMap.build/Debug-iphonesimulator/FootprintMap.build/Objects-normal/arm64/FootprintMap.SwiftFileList -DDEBUG -enable-bare-slash-regex -enable-experimental-feature DebugDescriptionMacro -sdk /Applications/Xcode.app/Contents/Developer/Platforms/iPhoneSimulator.platform/Developer/SDKs/iPhoneSimulator26.2.sdk -target arm64-apple-ios17.0-simulator -g -module-cache-path /Users/seven/Library/Developer/Xcode/DerivedData/ModuleCache.noindex -Xfrontend -serialize-debugging-options -enable-testing -index-store-path /Users/seven/Library/Developer/Xcode/DerivedData/FootprintMap-eophndivrlpxbbcrlehafohdrtst/Index.noindex/DataStore -Xcc -D_LIBCPP_HARDENING_MODE\=_LIBCPP_HARDENING_MODE_DEBUG -swift-version 5 -I /Users/seven/Library/Developer/Xcode/DerivedData/FootprintMap-eophndivrlpxbbcrlehafohdrtst/Build/Products/Debug-iphonesimulator -F /Users/seven/Library/Developer/Xcode/DerivedData/FootprintMap-eophndivrlpxbbcrlehafohdrtst/Build/Products/Debug-iphonesimulator/PackageFrameworks -F /Users/seven/Library/Developer/Xcode/DerivedData/FootprintMap-eophndivrlpxbbcrlehafohdrtst/Build/Products/Debug-iphonesimulator/PackageFrameworks -F /Users/seven/Library/Developer/Xcode/DerivedData/FootprintMap-eophndivrlpxbbcrlehafohdrtst/Build/Products/Debug-iphonesimulator/PackageFrameworks -F /Users/seven/Library/Developer/Xcode/DerivedData/FootprintMap-eophndivrlpxbbcrlehafohdrtst/Build/Products/Debug-iphonesimulator -c -j8 -enable-batch-mode -incremental -Xcc -ivfsstatcache -Xcc /Users/seven/Library/Developer/Xcode/DerivedData/SDKStatCaches.noindex/iphonesimulator26.2-23C57-dc75598d0054f22ec865fa860f139d727d00a8b37fbd7999ea79df8ebc024bf0.sdkstatcache -output-file-map /Users/seven/Library/Developer/Xcode/DerivedData/FootprintMap-eophndivrlpxbbcrlehafohdrtst/Build/Intermediates.noindex/FootprintMap.build/Debug-iphonesimulator/FootprintMap.build/Objects-normal/arm64/FootprintMap-OutputFileMap.json -use-frontend-parseable-output -save-temps -no-color-diagnostics -explicit-module-build -module-cache-path /Users/seven/Library/Developer/Xcode/DerivedData/FootprintMap-eophndivrlpxbbcrlehafohdrtst/Build/Intermediates.noindex/SwiftExplicitPrecompiledModules -clang-scanner-module-cache-path /Users/seven/Library/Developer/Xcode/DerivedData/ModuleCache.noindex -sdk-module-cache-path /Users/seven/Library/Developer/Xcode/DerivedData/ModuleCache.noindex -serialize-diagnostics -emit-dependencies -emit-module -emit-module-path /Users/seven/Library/Developer/Xcode/DerivedData/FootprintMap-eophndivrlpxbbcrlehafohdrtst/Build/Intermediates.noindex/FootprintMap.build/Debug-iphonesimulator/FootprintMap.build/Objects-normal/arm64/FootprintMap.swiftmodule -validate-clang-modules-once -clang-build-session-file /Users/seven/Library/Developer/Xcode/DerivedData/ModuleCache.noindex/Session.modulevalidation -Xcc -I/Users/seven/Library/Developer/Xcode/DerivedData/FootprintMap-eophndivrlpxbbcrlehafohdrtst/Build/Intermediates.noindex/FootprintMap.build/Debug-iphonesimulator/FootprintMap.build/swift-overrides.hmap -emit-const-values -Xfrontend -const-gather-protocols-file -Xfrontend /Users/seven/Library/Developer/Xcode/DerivedData/FootprintMap-eophndivrlpxbbcrlehafohdrtst/Build/Intermediates.noindex/FootprintMap.build/Debug-iphonesimulator/FootprintMap.build/Objects-normal/arm64/FootprintMap_const_extract_protocols.json -Xcc -iquote -Xcc /Users/seven/Library/Developer/Xcode/DerivedData/FootprintMap-eophndivrlpxbbcrlehafohdrtst/Build/Intermediates.noindex/FootprintMap.build/Debug-iphonesimulator/FootprintMap.build/FootprintMap-generated-files.hmap -Xcc -I/Users/seven/Library/Developer/Xcode/DerivedData/FootprintMap-eophndivrlpxbbcrlehafohdrtst/Build/Intermediates.noindex/FootprintMap.build/Debug-iphonesimulator/FootprintMap.build/FootprintMap-own-target-headers.hmap -Xcc -I/Users/seven/Library/Developer/Xcode/DerivedData/FootprintMap-eophndivrlpxbbcrlehafohdrtst/Build/Intermediates.noindex/FootprintMap.build/Debug-iphonesimulator/FootprintMap.build/FootprintMap-all-non-framework-target-headers.hmap -Xcc -ivfsoverlay -Xcc /Users/seven/Library/Developer/Xcode/DerivedData/FootprintMap-eophndivrlpxbbcrlehafohdrtst/Build/Intermediates.noindex/FootprintMap.build/Debug-iphonesimulator/FootprintMap-c3e91d4c5c794c7df39455718aad93f0-VFS-iphonesimulator/all-product-headers.yaml -Xcc -iquote -Xcc /Users/seven/Library/Developer/Xcode/DerivedData/FootprintMap-eophndivrlpxbbcrlehafohdrtst/Build/Intermediates.noindex/FootprintMap.build/Debug-iphonesimulator/FootprintMap.build/FootprintMap-project-headers.hmap -Xcc -I/Users/seven/Library/Developer/Xcode/DerivedData/FootprintMap-eophndivrlpxbbcrlehafohdrtst/Build/Products/Debug-iphonesimulator/include -Xcc -I/Users/seven/Library/Developer/Xcode/DerivedData/FootprintMap-eophndivrlpxbbcrlehafohdrtst/Build/Intermediates.noindex/FootprintMap.build/Debug-iphonesimulator/FootprintMap.build/DerivedSources-normal/arm64 -Xcc -I/Users/seven/Library/Developer/Xcode/DerivedData/FootprintMap-eophndivrlpxbbcrlehafohdrtst/Build/Intermediates.noindex/FootprintMap.build/Debug-iphonesimulator/FootprintMap.build/DerivedSources/arm64 -Xcc -I/Users/seven/Library/Developer/Xcode/DerivedData/FootprintMap-eophndivrlpxbbcrlehafohdrtst/Build/Intermediates.noindex/FootprintMap.build/Debug-iphonesimulator/FootprintMap.build/DerivedSources -Xcc -DDEBUG\=1 -emit-objc-header -emit-objc-header-path /Users/seven/Library/Developer/Xcode/DerivedData/FootprintMap-eophndivrlpxbbcrlehafohdrtst/Build/Intermediates.noindex/FootprintMap.build/Debug-iphonesimulator/FootprintMap.build/Objects-normal/arm64/FootprintMap-Swift.h -working-directory /Users/seven/Downloads/PhotoTrail/FootprintMap -experimental-emit-module-separately -disable-cmo

SwiftDriver FootprintMap normal x86_64 com.apple.xcode.tools.swift.compiler (in target 'FootprintMap' from project 'FootprintMap')
    cd /Users/seven/Downloads/PhotoTrail/FootprintMap
    builtin-SwiftDriver -- /Applications/Xcode.app/Contents/Developer/Toolchains/XcodeDefault.xctoolchain/usr/bin/swiftc -module-name FootprintMap -Onone -enforce-exclusivity\=checked @/Users/seven/Library/Developer/Xcode/DerivedData/FootprintMap-eophndivrlpxbbcrlehafohdrtst/Build/Intermediates.noindex/FootprintMap.build/Debug-iphonesimulator/FootprintMap.build/Objects-normal/x86_64/FootprintMap.SwiftFileList -DDEBUG -enable-bare-slash-regex -enable-experimental-feature DebugDescriptionMacro -sdk /Applications/Xcode.app/Contents/Developer/Platforms/iPhoneSimulator.platform/Developer/SDKs/iPhoneSimulator26.2.sdk -target x86_64-apple-ios17.0-simulator -g -module-cache-path /Users/seven/Library/Developer/Xcode/DerivedData/ModuleCache.noindex -Xfrontend -serialize-debugging-options -enable-testing -index-store-path /Users/seven/Library/Developer/Xcode/DerivedData/FootprintMap-eophndivrlpxbbcrlehafohdrtst/Index.noindex/DataStore -Xcc -D_LIBCPP_HARDENING_MODE\=_LIBCPP_HARDENING_MODE_DEBUG -swift-version 5 -I /Users/seven/Library/Developer/Xcode/DerivedData/FootprintMap-eophndivrlpxbbcrlehafohdrtst/Build/Products/Debug-iphonesimulator -F /Users/seven/Library/Developer/Xcode/DerivedData/FootprintMap-eophndivrlpxbbcrlehafohdrtst/Build/Products/Debug-iphonesimulator/PackageFrameworks -F /Users/seven/Library/Developer/Xcode/DerivedData/FootprintMap-eophndivrlpxbbcrlehafohdrtst/Build/Products/Debug-iphonesimulator/PackageFrameworks -F /Users/seven/Library/Developer/Xcode/DerivedData/FootprintMap-eophndivrlpxbbcrlehafohdrtst/Build/Products/Debug-iphonesimulator/PackageFrameworks -F /Users/seven/Library/Developer/Xcode/DerivedData/FootprintMap-eophndivrlpxbbcrlehafohdrtst/Build/Products/Debug-iphonesimulator -c -j8 -enable-batch-mode -incremental -Xcc -ivfsstatcache -Xcc /Users/seven/Library/Developer/Xcode/DerivedData/SDKStatCaches.noindex/iphonesimulator26.2-23C57-dc75598d0054f22ec865fa860f139d727d00a8b37fbd7999ea79df8ebc024bf0.sdkstatcache -output-file-map /Users/seven/Library/Developer/Xcode/DerivedData/FootprintMap-eophndivrlpxbbcrlehafohdrtst/Build/Intermediates.noindex/FootprintMap.build/Debug-iphonesimulator/FootprintMap.build/Objects-normal/x86_64/FootprintMap-OutputFileMap.json -use-frontend-parseable-output -save-temps -no-color-diagnostics -explicit-module-build -module-cache-path /Users/seven/Library/Developer/Xcode/DerivedData/FootprintMap-eophndivrlpxbbcrlehafohdrtst/Build/Intermediates.noindex/SwiftExplicitPrecompiledModules -clang-scanner-module-cache-path /Users/seven/Library/Developer/Xcode/DerivedData/ModuleCache.noindex -sdk-module-cache-path /Users/seven/Library/Developer/Xcode/DerivedData/ModuleCache.noindex -serialize-diagnostics -emit-dependencies -emit-module -emit-module-path /Users/seven/Library/Developer/Xcode/DerivedData/FootprintMap-eophndivrlpxbbcrlehafohdrtst/Build/Intermediates.noindex/FootprintMap.build/Debug-iphonesimulator/FootprintMap.build/Objects-normal/x86_64/FootprintMap.swiftmodule -validate-clang-modules-once -clang-build-session-file /Users/seven/Library/Developer/Xcode/DerivedData/ModuleCache.noindex/Session.modulevalidation -Xcc -I/Users/seven/Library/Developer/Xcode/DerivedData/FootprintMap-eophndivrlpxbbcrlehafohdrtst/Build/Intermediates.noindex/FootprintMap.build/Debug-iphonesimulator/FootprintMap.build/swift-overrides.hmap -emit-const-values -Xfrontend -const-gather-protocols-file -Xfrontend /Users/seven/Library/Developer/Xcode/DerivedData/FootprintMap-eophndivrlpxbbcrlehafohdrtst/Build/Intermediates.noindex/FootprintMap.build/Debug-iphonesimulator/FootprintMap.build/Objects-normal/x86_64/FootprintMap_const_extract_protocols.json -Xcc -iquote -Xcc /Users/seven/Library/Developer/Xcode/DerivedData/FootprintMap-eophndivrlpxbbcrlehafohdrtst/Build/Intermediates.noindex/FootprintMap.build/Debug-iphonesimulator/FootprintMap.build/FootprintMap-generated-files.hmap -Xcc -I/Users/seven/Library/Developer/Xcode/DerivedData/FootprintMap-eophndivrlpxbbcrlehafohdrtst/Build/Intermediates.noindex/FootprintMap.build/Debug-iphonesimulator/FootprintMap.build/FootprintMap-own-target-headers.hmap -Xcc -I/Users/seven/Library/Developer/Xcode/DerivedData/FootprintMap-eophndivrlpxbbcrlehafohdrtst/Build/Intermediates.noindex/FootprintMap.build/Debug-iphonesimulator/FootprintMap.build/FootprintMap-all-non-framework-target-headers.hmap -Xcc -ivfsoverlay -Xcc /Users/seven/Library/Developer/Xcode/DerivedData/FootprintMap-eophndivrlpxbbcrlehafohdrtst/Build/Intermediates.noindex/FootprintMap.build/Debug-iphonesimulator/FootprintMap-c3e91d4c5c794c7df39455718aad93f0-VFS-iphonesimulator/all-product-headers.yaml -Xcc -iquote -Xcc /Users/seven/Library/Developer/Xcode/DerivedData/FootprintMap-eophndivrlpxbbcrlehafohdrtst/Build/Intermediates.noindex/FootprintMap.build/Debug-iphonesimulator/FootprintMap.build/FootprintMap-project-headers.hmap -Xcc -I/Users/seven/Library/Developer/Xcode/DerivedData/FootprintMap-eophndivrlpxbbcrlehafohdrtst/Build/Products/Debug-iphonesimulator/include -Xcc -I/Users/seven/Library/Developer/Xcode/DerivedData/FootprintMap-eophndivrlpxbbcrlehafohdrtst/Build/Intermediates.noindex/FootprintMap.build/Debug-iphonesimulator/FootprintMap.build/DerivedSources-normal/x86_64 -Xcc -I/Users/seven/Library/Developer/Xcode/DerivedData/FootprintMap-eophndivrlpxbbcrlehafohdrtst/Build/Intermediates.noindex/FootprintMap.build/Debug-iphonesimulator/FootprintMap.build/DerivedSources/x86_64 -Xcc -I/Users/seven/Library/Developer/Xcode/DerivedData/FootprintMap-eophndivrlpxbbcrlehafohdrtst/Build/Intermediates.noindex/FootprintMap.build/Debug-iphonesimulator/FootprintMap.build/DerivedSources -Xcc -DDEBUG\=1 -emit-objc-header -emit-objc-header-path /Users/seven/Library/Developer/Xcode/DerivedData/FootprintMap-eophndivrlpxbbcrlehafohdrtst/Build/Intermediates.noindex/FootprintMap.build/Debug-iphonesimulator/FootprintMap.build/Objects-normal/x86_64/FootprintMap-Swift.h -working-directory /Users/seven/Downloads/PhotoTrail/FootprintMap -experimental-emit-module-separately -disable-cmo

Copy /Users/seven/Library/Developer/Xcode/DerivedData/FootprintMap-eophndivrlpxbbcrlehafohdrtst/Build/Products/Debug-iphonesimulator/FootprintMap.app/MapboxMaps_MapboxMaps.bundle /Users/seven/Library/Developer/Xcode/DerivedData/FootprintMap-eophndivrlpxbbcrlehafohdrtst/Build/Products/Debug-iphonesimulator/MapboxMaps_MapboxMaps.bundle (in target 'FootprintMap' from project 'FootprintMap')
    cd /Users/seven/Downloads/PhotoTrail/FootprintMap
    builtin-copy -exclude .DS_Store -exclude CVS -exclude .svn -exclude .git -exclude .hg -resolve-src-symlinks /Users/seven/Library/Developer/Xcode/DerivedData/FootprintMap-eophndivrlpxbbcrlehafohdrtst/Build/Products/Debug-iphonesimulator/MapboxMaps_MapboxMaps.bundle /Users/seven/Library/Developer/Xcode/DerivedData/FootprintMap-eophndivrlpxbbcrlehafohdrtst/Build/Products/Debug-iphonesimulator/FootprintMap.app

ProcessInfoPlistFile /Users/seven/Library/Developer/Xcode/DerivedData/FootprintMap-eophndivrlpxbbcrlehafohdrtst/Build/Products/Debug-iphonesimulator/FootprintMap.app/Info.plist /Users/seven/Downloads/PhotoTrail/FootprintMap/FootprintMap/Info.plist (in target 'FootprintMap' from project 'FootprintMap')
    cd /Users/seven/Downloads/PhotoTrail/FootprintMap
    builtin-infoPlistUtility /Users/seven/Downloads/PhotoTrail/FootprintMap/FootprintMap/Info.plist -producttype com.apple.product-type.application -genpkginfo /Users/seven/Library/Developer/Xcode/DerivedData/FootprintMap-eophndivrlpxbbcrlehafohdrtst/Build/Products/Debug-iphonesimulator/FootprintMap.app/PkgInfo -expandbuildsettings -format binary -platform iphonesimulator -additionalcontentfile /Users/seven/Library/Developer/Xcode/DerivedData/FootprintMap-eophndivrlpxbbcrlehafohdrtst/Build/Intermediates.noindex/FootprintMap.build/Debug-iphonesimulator/FootprintMap.build/assetcatalog_generated_info.plist -scanforprivacyfile /Users/seven/Library/Developer/Xcode/DerivedData/FootprintMap-eophndivrlpxbbcrlehafohdrtst/Build/Products/Debug-iphonesimulator/FootprintMap.app/Frameworks/MapboxCommon.framework -scanforprivacyfile /Users/seven/Library/Developer/Xcode/DerivedData/FootprintMap-eophndivrlpxbbcrlehafohdrtst/Build/Products/Debug-iphonesimulator/FootprintMap.app/Frameworks/MapboxCoreMaps.framework -scanforprivacyfile /Users/seven/Library/Developer/Xcode/DerivedData/FootprintMap-eophndivrlpxbbcrlehafohdrtst/Build/Products/Debug-iphonesimulator/FootprintMap.app/Frameworks/Turf.framework -scanforprivacyfile /Users/seven/Library/Developer/Xcode/DerivedData/FootprintMap-eophndivrlpxbbcrlehafohdrtst/Build/Products/Debug-iphonesimulator/FootprintMap.app/MapboxMaps_MapboxMaps.bundle -o /Users/seven/Library/Developer/Xcode/DerivedData/FootprintMap-eophndivrlpxbbcrlehafohdrtst/Build/Products/Debug-iphonesimulator/FootprintMap.app/Info.plist

SwiftEmitModule normal arm64 Emitting\ module\ for\ FootprintMap (in target 'FootprintMap' from project 'FootprintMap')

EmitSwiftModule normal arm64 (in target 'FootprintMap' from project 'FootprintMap')
    cd /Users/seven/Downloads/PhotoTrail/FootprintMap
    
/Users/seven/Downloads/PhotoTrail/FootprintMap/FootprintMap/MapboxMapView.swift:460:45: warning: conformance of 'MapboxMapWrapperView.Coordinator' to protocol 'AnnotationInteractionDelegate' crosses into main actor-isolated code and can cause data races; this is an error in the Swift 6 language mode
extension MapboxMapWrapperView.Coordinator: AnnotationInteractionDelegate {
                                            ^
/Users/seven/Downloads/PhotoTrail/FootprintMap/FootprintMap/MapboxMapView.swift:460:45: note: isolate this conformance to the main actor with '@MainActor'
extension MapboxMapWrapperView.Coordinator: AnnotationInteractionDelegate {
                                            ^
                                            @MainActor 
/Users/seven/Downloads/PhotoTrail/FootprintMap/FootprintMap/MapboxMapView.swift:460:1: note: mark all declarations used in the conformance 'nonisolated'
extension MapboxMapWrapperView.Coordinator: AnnotationInteractionDelegate {
^
/Users/seven/Downloads/PhotoTrail/FootprintMap/FootprintMap/MapboxMapView.swift:460:45: note: turn data races into runtime errors with '@preconcurrency'
extension MapboxMapWrapperView.Coordinator: AnnotationInteractionDelegate {
                                            ^
                                            @preconcurrency 
/Users/seven/Downloads/PhotoTrail/FootprintMap/FootprintMap/MapboxMapView.swift:461:10: note: main actor-isolated instance method 'annotationManager(_:didDetectTappedAnnotations:)' cannot satisfy nonisolated requirement
    func annotationManager(_ manager: AnnotationManager, didDetectTappedAnnotations annotations: [Annotation]) {
         ^

SwiftCompile normal arm64 Compiling\ PlaybackController.swift /Users/seven/Downloads/PhotoTrail/FootprintMap/FootprintMap/PlaybackController.swift (in target 'FootprintMap' from project 'FootprintMap')
SwiftCompile normal arm64 /Users/seven/Downloads/PhotoTrail/FootprintMap/FootprintMap/PlaybackController.swift (in target 'FootprintMap' from project 'FootprintMap')
    cd /Users/seven/Downloads/PhotoTrail/FootprintMap
    

SwiftCompile normal x86_64 Compiling\ PhotoMapViews.swift /Users/seven/Downloads/PhotoTrail/FootprintMap/FootprintMap/PhotoMapViews.swift (in target 'FootprintMap' from project 'FootprintMap')
SwiftCompile normal x86_64 /Users/seven/Downloads/PhotoTrail/FootprintMap/FootprintMap/PhotoMapViews.swift (in target 'FootprintMap' from project 'FootprintMap')
    cd /Users/seven/Downloads/PhotoTrail/FootprintMap
    
/Users/seven/Downloads/PhotoTrail/FootprintMap/FootprintMap/PhotoMapViews.swift:335:13: warning: initialization of immutable value 'duration' was never used; consider replacing with assignment to '_' or removing it
        let duration = endDate.timeIntervalSince(startDate)
        ~~~~^~~~~~~~
        _
/Users/seven/Downloads/PhotoTrail/FootprintMap/FootprintMap/PhotoMapViews.swift:1081:26: warning: 'onChange(of:perform:)' was deprecated in iOS 17.0: Use `onChange` with a two or zero parameter action closure instead.
                        .onChange(of: photoManager.hideStationary) { _ in
                         ^

SwiftEmitModule normal x86_64 Emitting\ module\ for\ FootprintMap (in target 'FootprintMap' from project 'FootprintMap')

EmitSwiftModule normal x86_64 (in target 'FootprintMap' from project 'FootprintMap')
    cd /Users/seven/Downloads/PhotoTrail/FootprintMap
    
/Users/seven/Downloads/PhotoTrail/FootprintMap/FootprintMap/MapboxMapView.swift:460:45: warning: conformance of 'MapboxMapWrapperView.Coordinator' to protocol 'AnnotationInteractionDelegate' crosses into main actor-isolated code and can cause data races; this is an error in the Swift 6 language mode
extension MapboxMapWrapperView.Coordinator: AnnotationInteractionDelegate {
                                            ^
/Users/seven/Downloads/PhotoTrail/FootprintMap/FootprintMap/MapboxMapView.swift:460:45: note: isolate this conformance to the main actor with '@MainActor'
extension MapboxMapWrapperView.Coordinator: AnnotationInteractionDelegate {
                                            ^
                                            @MainActor 
/Users/seven/Downloads/PhotoTrail/FootprintMap/FootprintMap/MapboxMapView.swift:460:1: note: mark all declarations used in the conformance 'nonisolated'
extension MapboxMapWrapperView.Coordinator: AnnotationInteractionDelegate {
^
/Users/seven/Downloads/PhotoTrail/FootprintMap/FootprintMap/MapboxMapView.swift:460:45: note: turn data races into runtime errors with '@preconcurrency'
extension MapboxMapWrapperView.Coordinator: AnnotationInteractionDelegate {
                                            ^
                                            @preconcurrency 
/Users/seven/Downloads/PhotoTrail/FootprintMap/FootprintMap/MapboxMapView.swift:461:10: note: main actor-isolated instance method 'annotationManager(_:didDetectTappedAnnotations:)' cannot satisfy nonisolated requirement
    func annotationManager(_ manager: AnnotationManager, didDetectTappedAnnotations annotations: [Annotation]) {
         ^

SwiftCompile normal x86_64 Compiling\ PlaybackController.swift /Users/seven/Downloads/PhotoTrail/FootprintMap/FootprintMap/PlaybackController.swift (in target 'FootprintMap' from project 'FootprintMap')

SwiftCompile normal x86_64 /Users/seven/Downloads/PhotoTrail/FootprintMap/FootprintMap/PlaybackController.swift (in target 'FootprintMap' from project 'FootprintMap')
    cd /Users/seven/Downloads/PhotoTrail/FootprintMap
    

SwiftCompile normal arm64 Compiling\ PhotoMapViews.swift /Users/seven/Downloads/PhotoTrail/FootprintMap/FootprintMap/PhotoMapViews.swift (in target 'FootprintMap' from project 'FootprintMap')
SwiftCompile normal arm64 /Users/seven/Downloads/PhotoTrail/FootprintMap/FootprintMap/PhotoMapViews.swift (in target 'FootprintMap' from project 'FootprintMap')
    cd /Users/seven/Downloads/PhotoTrail/FootprintMap
    
/Users/seven/Downloads/PhotoTrail/FootprintMap/FootprintMap/PhotoMapViews.swift:335:13: warning: initialization of immutable value 'duration' was never used; consider replacing with assignment to '_' or removing it
        let duration = endDate.timeIntervalSince(startDate)
        ~~~~^~~~~~~~
        _
/Users/seven/Downloads/PhotoTrail/FootprintMap/FootprintMap/PhotoMapViews.swift:1081:26: warning: 'onChange(of:perform:)' was deprecated in iOS 17.0: Use `onChange` with a two or zero parameter action closure instead.
                        .onChange(of: photoManager.hideStationary) { _ in
                         ^

SwiftDriverJobDiscovery normal arm64 Emitting module for FootprintMap (in target 'FootprintMap' from project 'FootprintMap')

SwiftDriver\ Compilation\ Requirements FootprintMap normal arm64 com.apple.xcode.tools.swift.compiler (in target 'FootprintMap' from project 'FootprintMap')
    cd /Users/seven/Downloads/PhotoTrail/FootprintMap
    builtin-Swift-Compilation-Requirements -- /Applications/Xcode.app/Contents/Developer/Toolchains/XcodeDefault.xctoolchain/usr/bin/swiftc -module-name FootprintMap -Onone -enforce-exclusivity\=checked @/Users/seven/Library/Developer/Xcode/DerivedData/FootprintMap-eophndivrlpxbbcrlehafohdrtst/Build/Intermediates.noindex/FootprintMap.build/Debug-iphonesimulator/FootprintMap.build/Objects-normal/arm64/FootprintMap.SwiftFileList -DDEBUG -enable-bare-slash-regex -enable-experimental-feature DebugDescriptionMacro -sdk /Applications/Xcode.app/Contents/Developer/Platforms/iPhoneSimulator.platform/Developer/SDKs/iPhoneSimulator26.2.sdk -target arm64-apple-ios17.0-simulator -g -module-cache-path /Users/seven/Library/Developer/Xcode/DerivedData/ModuleCache.noindex -Xfrontend -serialize-debugging-options -enable-testing -index-store-path /Users/seven/Library/Developer/Xcode/DerivedData/FootprintMap-eophndivrlpxbbcrlehafohdrtst/Index.noindex/DataStore -Xcc -D_LIBCPP_HARDENING_MODE\=_LIBCPP_HARDENING_MODE_DEBUG -swift-version 5 -I /Users/seven/Library/Developer/Xcode/DerivedData/FootprintMap-eophndivrlpxbbcrlehafohdrtst/Build/Products/Debug-iphonesimulator -F /Users/seven/Library/Developer/Xcode/DerivedData/FootprintMap-eophndivrlpxbbcrlehafohdrtst/Build/Products/Debug-iphonesimulator/PackageFrameworks -F /Users/seven/Library/Developer/Xcode/DerivedData/FootprintMap-eophndivrlpxbbcrlehafohdrtst/Build/Products/Debug-iphonesimulator/PackageFrameworks -F /Users/seven/Library/Developer/Xcode/DerivedData/FootprintMap-eophndivrlpxbbcrlehafohdrtst/Build/Products/Debug-iphonesimulator/PackageFrameworks -F /Users/seven/Library/Developer/Xcode/DerivedData/FootprintMap-eophndivrlpxbbcrlehafohdrtst/Build/Products/Debug-iphonesimulator -c -j8 -enable-batch-mode -incremental -Xcc -ivfsstatcache -Xcc /Users/seven/Library/Developer/Xcode/DerivedData/SDKStatCaches.noindex/iphonesimulator26.2-23C57-dc75598d0054f22ec865fa860f139d727d00a8b37fbd7999ea79df8ebc024bf0.sdkstatcache -output-file-map /Users/seven/Library/Developer/Xcode/DerivedData/FootprintMap-eophndivrlpxbbcrlehafohdrtst/Build/Intermediates.noindex/FootprintMap.build/Debug-iphonesimulator/FootprintMap.build/Objects-normal/arm64/FootprintMap-OutputFileMap.json -use-frontend-parseable-output -save-temps -no-color-diagnostics -explicit-module-build -module-cache-path /Users/seven/Library/Developer/Xcode/DerivedData/FootprintMap-eophndivrlpxbbcrlehafohdrtst/Build/Intermediates.noindex/SwiftExplicitPrecompiledModules -clang-scanner-module-cache-path /Users/seven/Library/Developer/Xcode/DerivedData/ModuleCache.noindex -sdk-module-cache-path /Users/seven/Library/Developer/Xcode/DerivedData/ModuleCache.noindex -serialize-diagnostics -emit-dependencies -emit-module -emit-module-path /Users/seven/Library/Developer/Xcode/DerivedData/FootprintMap-eophndivrlpxbbcrlehafohdrtst/Build/Intermediates.noindex/FootprintMap.build/Debug-iphonesimulator/FootprintMap.build/Objects-normal/arm64/FootprintMap.swiftmodule -validate-clang-modules-once -clang-build-session-file /Users/seven/Library/Developer/Xcode/DerivedData/ModuleCache.noindex/Session.modulevalidation -Xcc -I/Users/seven/Library/Developer/Xcode/DerivedData/FootprintMap-eophndivrlpxbbcrlehafohdrtst/Build/Intermediates.noindex/FootprintMap.build/Debug-iphonesimulator/FootprintMap.build/swift-overrides.hmap -emit-const-values -Xfrontend -const-gather-protocols-file -Xfrontend /Users/seven/Library/Developer/Xcode/DerivedData/FootprintMap-eophndivrlpxbbcrlehafohdrtst/Build/Intermediates.noindex/FootprintMap.build/Debug-iphonesimulator/FootprintMap.build/Objects-normal/arm64/FootprintMap_const_extract_protocols.json -Xcc -iquote -Xcc /Users/seven/Library/Developer/Xcode/DerivedData/FootprintMap-eophndivrlpxbbcrlehafohdrtst/Build/Intermediates.noindex/FootprintMap.build/Debug-iphonesimulator/FootprintMap.build/FootprintMap-generated-files.hmap -Xcc -I/Users/seven/Library/Developer/Xcode/DerivedData/FootprintMap-eophndivrlpxbbcrlehafohdrtst/Build/Intermediates.noindex/FootprintMap.build/Debug-iphonesimulator/FootprintMap.build/FootprintMap-own-target-headers.hmap -Xcc -I/Users/seven/Library/Developer/Xcode/DerivedData/FootprintMap-eophndivrlpxbbcrlehafohdrtst/Build/Intermediates.noindex/FootprintMap.build/Debug-iphonesimulator/FootprintMap.build/FootprintMap-all-non-framework-target-headers.hmap -Xcc -ivfsoverlay -Xcc /Users/seven/Library/Developer/Xcode/DerivedData/FootprintMap-eophndivrlpxbbcrlehafohdrtst/Build/Intermediates.noindex/FootprintMap.build/Debug-iphonesimulator/FootprintMap-c3e91d4c5c794c7df39455718aad93f0-VFS-iphonesimulator/all-product-headers.yaml -Xcc -iquote -Xcc /Users/seven/Library/Developer/Xcode/DerivedData/FootprintMap-eophndivrlpxbbcrlehafohdrtst/Build/Intermediates.noindex/FootprintMap.build/Debug-iphonesimulator/FootprintMap.build/FootprintMap-project-headers.hmap -Xcc -I/Users/seven/Library/Developer/Xcode/DerivedData/FootprintMap-eophndivrlpxbbcrlehafohdrtst/Build/Products/Debug-iphonesimulator/include -Xcc -I/Users/seven/Library/Developer/Xcode/DerivedData/FootprintMap-eophndivrlpxbbcrlehafohdrtst/Build/Intermediates.noindex/FootprintMap.build/Debug-iphonesimulator/FootprintMap.build/DerivedSources-normal/arm64 -Xcc -I/Users/seven/Library/Developer/Xcode/DerivedData/FootprintMap-eophndivrlpxbbcrlehafohdrtst/Build/Intermediates.noindex/FootprintMap.build/Debug-iphonesimulator/FootprintMap.build/DerivedSources/arm64 -Xcc -I/Users/seven/Library/Developer/Xcode/DerivedData/FootprintMap-eophndivrlpxbbcrlehafohdrtst/Build/Intermediates.noindex/FootprintMap.build/Debug-iphonesimulator/FootprintMap.build/DerivedSources -Xcc -DDEBUG\=1 -emit-objc-header -emit-objc-header-path /Users/seven/Library/Developer/Xcode/DerivedData/FootprintMap-eophndivrlpxbbcrlehafohdrtst/Build/Intermediates.noindex/FootprintMap.build/Debug-iphonesimulator/FootprintMap.build/Objects-normal/arm64/FootprintMap-Swift.h -working-directory /Users/seven/Downloads/PhotoTrail/FootprintMap -experimental-emit-module-separately -disable-cmo

SwiftDriverJobDiscovery normal x86_64 Emitting module for FootprintMap (in target 'FootprintMap' from project 'FootprintMap')

SwiftDriver\ Compilation\ Requirements FootprintMap normal x86_64 com.apple.xcode.tools.swift.compiler (in target 'FootprintMap' from project 'FootprintMap')
    cd /Users/seven/Downloads/PhotoTrail/FootprintMap
    builtin-Swift-Compilation-Requirements -- /Applications/Xcode.app/Contents/Developer/Toolchains/XcodeDefault.xctoolchain/usr/bin/swiftc -module-name FootprintMap -Onone -enforce-exclusivity\=checked @/Users/seven/Library/Developer/Xcode/DerivedData/FootprintMap-eophndivrlpxbbcrlehafohdrtst/Build/Intermediates.noindex/FootprintMap.build/Debug-iphonesimulator/FootprintMap.build/Objects-normal/x86_64/FootprintMap.SwiftFileList -DDEBUG -enable-bare-slash-regex -enable-experimental-feature DebugDescriptionMacro -sdk /Applications/Xcode.app/Contents/Developer/Platforms/iPhoneSimulator.platform/Developer/SDKs/iPhoneSimulator26.2.sdk -target x86_64-apple-ios17.0-simulator -g -module-cache-path /Users/seven/Library/Developer/Xcode/DerivedData/ModuleCache.noindex -Xfrontend -serialize-debugging-options -enable-testing -index-store-path /Users/seven/Library/Developer/Xcode/DerivedData/FootprintMap-eophndivrlpxbbcrlehafohdrtst/Index.noindex/DataStore -Xcc -D_LIBCPP_HARDENING_MODE\=_LIBCPP_HARDENING_MODE_DEBUG -swift-version 5 -I /Users/seven/Library/Developer/Xcode/DerivedData/FootprintMap-eophndivrlpxbbcrlehafohdrtst/Build/Products/Debug-iphonesimulator -F /Users/seven/Library/Developer/Xcode/DerivedData/FootprintMap-eophndivrlpxbbcrlehafohdrtst/Build/Products/Debug-iphonesimulator/PackageFrameworks -F /Users/seven/Library/Developer/Xcode/DerivedData/FootprintMap-eophndivrlpxbbcrlehafohdrtst/Build/Products/Debug-iphonesimulator/PackageFrameworks -F /Users/seven/Library/Developer/Xcode/DerivedData/FootprintMap-eophndivrlpxbbcrlehafohdrtst/Build/Products/Debug-iphonesimulator/PackageFrameworks -F /Users/seven/Library/Developer/Xcode/DerivedData/FootprintMap-eophndivrlpxbbcrlehafohdrtst/Build/Products/Debug-iphonesimulator -c -j8 -enable-batch-mode -incremental -Xcc -ivfsstatcache -Xcc /Users/seven/Library/Developer/Xcode/DerivedData/SDKStatCaches.noindex/iphonesimulator26.2-23C57-dc75598d0054f22ec865fa860f139d727d00a8b37fbd7999ea79df8ebc024bf0.sdkstatcache -output-file-map /Users/seven/Library/Developer/Xcode/DerivedData/FootprintMap-eophndivrlpxbbcrlehafohdrtst/Build/Intermediates.noindex/FootprintMap.build/Debug-iphonesimulator/FootprintMap.build/Objects-normal/x86_64/FootprintMap-OutputFileMap.json -use-frontend-parseable-output -save-temps -no-color-diagnostics -explicit-module-build -module-cache-path /Users/seven/Library/Developer/Xcode/DerivedData/FootprintMap-eophndivrlpxbbcrlehafohdrtst/Build/Intermediates.noindex/SwiftExplicitPrecompiledModules -clang-scanner-module-cache-path /Users/seven/Library/Developer/Xcode/DerivedData/ModuleCache.noindex -sdk-module-cache-path /Users/seven/Library/Developer/Xcode/DerivedData/ModuleCache.noindex -serialize-diagnostics -emit-dependencies -emit-module -emit-module-path /Users/seven/Library/Developer/Xcode/DerivedData/FootprintMap-eophndivrlpxbbcrlehafohdrtst/Build/Intermediates.noindex/FootprintMap.build/Debug-iphonesimulator/FootprintMap.build/Objects-normal/x86_64/FootprintMap.swiftmodule -validate-clang-modules-once -clang-build-session-file /Users/seven/Library/Developer/Xcode/DerivedData/ModuleCache.noindex/Session.modulevalidation -Xcc -I/Users/seven/Library/Developer/Xcode/DerivedData/FootprintMap-eophndivrlpxbbcrlehafohdrtst/Build/Intermediates.noindex/FootprintMap.build/Debug-iphonesimulator/FootprintMap.build/swift-overrides.hmap -emit-const-values -Xfrontend -const-gather-protocols-file -Xfrontend /Users/seven/Library/Developer/Xcode/DerivedData/FootprintMap-eophndivrlpxbbcrlehafohdrtst/Build/Intermediates.noindex/FootprintMap.build/Debug-iphonesimulator/FootprintMap.build/Objects-normal/x86_64/FootprintMap_const_extract_protocols.json -Xcc -iquote -Xcc /Users/seven/Library/Developer/Xcode/DerivedData/FootprintMap-eophndivrlpxbbcrlehafohdrtst/Build/Intermediates.noindex/FootprintMap.build/Debug-iphonesimulator/FootprintMap.build/FootprintMap-generated-files.hmap -Xcc -I/Users/seven/Library/Developer/Xcode/DerivedData/FootprintMap-eophndivrlpxbbcrlehafohdrtst/Build/Intermediates.noindex/FootprintMap.build/Debug-iphonesimulator/FootprintMap.build/FootprintMap-own-target-headers.hmap -Xcc -I/Users/seven/Library/Developer/Xcode/DerivedData/FootprintMap-eophndivrlpxbbcrlehafohdrtst/Build/Intermediates.noindex/FootprintMap.build/Debug-iphonesimulator/FootprintMap.build/FootprintMap-all-non-framework-target-headers.hmap -Xcc -ivfsoverlay -Xcc /Users/seven/Library/Developer/Xcode/DerivedData/FootprintMap-eophndivrlpxbbcrlehafohdrtst/Build/Intermediates.noindex/FootprintMap.build/Debug-iphonesimulator/FootprintMap-c3e91d4c5c794c7df39455718aad93f0-VFS-iphonesimulator/all-product-headers.yaml -Xcc -iquote -Xcc /Users/seven/Library/Developer/Xcode/DerivedData/FootprintMap-eophndivrlpxbbcrlehafohdrtst/Build/Intermediates.noindex/FootprintMap.build/Debug-iphonesimulator/FootprintMap.build/FootprintMap-project-headers.hmap -Xcc -I/Users/seven/Library/Developer/Xcode/DerivedData/FootprintMap-eophndivrlpxbbcrlehafohdrtst/Build/Products/Debug-iphonesimulator/include -Xcc -I/Users/seven/Library/Developer/Xcode/DerivedData/FootprintMap-eophndivrlpxbbcrlehafohdrtst/Build/Intermediates.noindex/FootprintMap.build/Debug-iphonesimulator/FootprintMap.build/DerivedSources-normal/x86_64 -Xcc -I/Users/seven/Library/Developer/Xcode/DerivedData/FootprintMap-eophndivrlpxbbcrlehafohdrtst/Build/Intermediates.noindex/FootprintMap.build/Debug-iphonesimulator/FootprintMap.build/DerivedSources/x86_64 -Xcc -I/Users/seven/Library/Developer/Xcode/DerivedData/FootprintMap-eophndivrlpxbbcrlehafohdrtst/Build/Intermediates.noindex/FootprintMap.build/Debug-iphonesimulator/FootprintMap.build/DerivedSources -Xcc -DDEBUG\=1 -emit-objc-header -emit-objc-header-path /Users/seven/Library/Developer/Xcode/DerivedData/FootprintMap-eophndivrlpxbbcrlehafohdrtst/Build/Intermediates.noindex/FootprintMap.build/Debug-iphonesimulator/FootprintMap.build/Objects-normal/x86_64/FootprintMap-Swift.h -working-directory /Users/seven/Downloads/PhotoTrail/FootprintMap -experimental-emit-module-separately -disable-cmo

Copy /Users/seven/Library/Developer/Xcode/DerivedData/FootprintMap-eophndivrlpxbbcrlehafohdrtst/Build/Products/Debug-iphonesimulator/FootprintMap.swiftmodule/arm64-apple-ios-simulator.swiftmodule /Users/seven/Library/Developer/Xcode/DerivedData/FootprintMap-eophndivrlpxbbcrlehafohdrtst/Build/Intermediates.noindex/FootprintMap.build/Debug-iphonesimulator/FootprintMap.build/Objects-normal/arm64/FootprintMap.swiftmodule (in target 'FootprintMap' from project 'FootprintMap')
    cd /Users/seven/Downloads/PhotoTrail/FootprintMap
    builtin-copy -exclude .DS_Store -exclude CVS -exclude .svn -exclude .git -exclude .hg -resolve-src-symlinks -rename /Users/seven/Library/Developer/Xcode/DerivedData/FootprintMap-eophndivrlpxbbcrlehafohdrtst/Build/Intermediates.noindex/FootprintMap.build/Debug-iphonesimulator/FootprintMap.build/Objects-normal/arm64/FootprintMap.swiftmodule /Users/seven/Library/Developer/Xcode/DerivedData/FootprintMap-eophndivrlpxbbcrlehafohdrtst/Build/Products/Debug-iphonesimulator/FootprintMap.swiftmodule/arm64-apple-ios-simulator.swiftmodule

Copy /Users/seven/Library/Developer/Xcode/DerivedData/FootprintMap-eophndivrlpxbbcrlehafohdrtst/Build/Products/Debug-iphonesimulator/FootprintMap.swiftmodule/arm64-apple-ios-simulator.abi.json /Users/seven/Library/Developer/Xcode/DerivedData/FootprintMap-eophndivrlpxbbcrlehafohdrtst/Build/Intermediates.noindex/FootprintMap.build/Debug-iphonesimulator/FootprintMap.build/Objects-normal/arm64/FootprintMap.abi.json (in target 'FootprintMap' from project 'FootprintMap')
    cd /Users/seven/Downloads/PhotoTrail/FootprintMap
    builtin-copy -exclude .DS_Store -exclude CVS -exclude .svn -exclude .git -exclude .hg -resolve-src-symlinks -rename /Users/seven/Library/Developer/Xcode/DerivedData/FootprintMap-eophndivrlpxbbcrlehafohdrtst/Build/Intermediates.noindex/FootprintMap.build/Debug-iphonesimulator/FootprintMap.build/Objects-normal/arm64/FootprintMap.abi.json /Users/seven/Library/Developer/Xcode/DerivedData/FootprintMap-eophndivrlpxbbcrlehafohdrtst/Build/Products/Debug-iphonesimulator/FootprintMap.swiftmodule/arm64-apple-ios-simulator.abi.json

Copy /Users/seven/Library/Developer/Xcode/DerivedData/FootprintMap-eophndivrlpxbbcrlehafohdrtst/Build/Products/Debug-iphonesimulator/FootprintMap.swiftmodule/Project/arm64-apple-ios-simulator.swiftsourceinfo /Users/seven/Library/Developer/Xcode/DerivedData/FootprintMap-eophndivrlpxbbcrlehafohdrtst/Build/Intermediates.noindex/FootprintMap.build/Debug-iphonesimulator/FootprintMap.build/Objects-normal/arm64/FootprintMap.swiftsourceinfo (in target 'FootprintMap' from project 'FootprintMap')
    cd /Users/seven/Downloads/PhotoTrail/FootprintMap
    builtin-copy -exclude .DS_Store -exclude CVS -exclude .svn -exclude .git -exclude .hg -resolve-src-symlinks -rename /Users/seven/Library/Developer/Xcode/DerivedData/FootprintMap-eophndivrlpxbbcrlehafohdrtst/Build/Intermediates.noindex/FootprintMap.build/Debug-iphonesimulator/FootprintMap.build/Objects-normal/arm64/FootprintMap.swiftsourceinfo /Users/seven/Library/Developer/Xcode/DerivedData/FootprintMap-eophndivrlpxbbcrlehafohdrtst/Build/Products/Debug-iphonesimulator/FootprintMap.swiftmodule/Project/arm64-apple-ios-simulator.swiftsourceinfo

Copy /Users/seven/Library/Developer/Xcode/DerivedData/FootprintMap-eophndivrlpxbbcrlehafohdrtst/Build/Products/Debug-iphonesimulator/FootprintMap.swiftmodule/x86_64-apple-ios-simulator.swiftmodule /Users/seven/Library/Developer/Xcode/DerivedData/FootprintMap-eophndivrlpxbbcrlehafohdrtst/Build/Intermediates.noindex/FootprintMap.build/Debug-iphonesimulator/FootprintMap.build/Objects-normal/x86_64/FootprintMap.swiftmodule (in target 'FootprintMap' from project 'FootprintMap')
    cd /Users/seven/Downloads/PhotoTrail/FootprintMap
    builtin-copy -exclude .DS_Store -exclude CVS -exclude .svn -exclude .git -exclude .hg -resolve-src-symlinks -rename /Users/seven/Library/Developer/Xcode/DerivedData/FootprintMap-eophndivrlpxbbcrlehafohdrtst/Build/Intermediates.noindex/FootprintMap.build/Debug-iphonesimulator/FootprintMap.build/Objects-normal/x86_64/FootprintMap.swiftmodule /Users/seven/Library/Developer/Xcode/DerivedData/FootprintMap-eophndivrlpxbbcrlehafohdrtst/Build/Products/Debug-iphonesimulator/FootprintMap.swiftmodule/x86_64-apple-ios-simulator.swiftmodule

Copy /Users/seven/Library/Developer/Xcode/DerivedData/FootprintMap-eophndivrlpxbbcrlehafohdrtst/Build/Products/Debug-iphonesimulator/FootprintMap.swiftmodule/x86_64-apple-ios-simulator.abi.json /Users/seven/Library/Developer/Xcode/DerivedData/FootprintMap-eophndivrlpxbbcrlehafohdrtst/Build/Intermediates.noindex/FootprintMap.build/Debug-iphonesimulator/FootprintMap.build/Objects-normal/x86_64/FootprintMap.abi.json (in target 'FootprintMap' from project 'FootprintMap')
    cd /Users/seven/Downloads/PhotoTrail/FootprintMap
    builtin-copy -exclude .DS_Store -exclude CVS -exclude .svn -exclude .git -exclude .hg -resolve-src-symlinks -rename /Users/seven/Library/Developer/Xcode/DerivedData/FootprintMap-eophndivrlpxbbcrlehafohdrtst/Build/Intermediates.noindex/FootprintMap.build/Debug-iphonesimulator/FootprintMap.build/Objects-normal/x86_64/FootprintMap.abi.json /Users/seven/Library/Developer/Xcode/DerivedData/FootprintMap-eophndivrlpxbbcrlehafohdrtst/Build/Products/Debug-iphonesimulator/FootprintMap.swiftmodule/x86_64-apple-ios-simulator.abi.json

Copy /Users/seven/Library/Developer/Xcode/DerivedData/FootprintMap-eophndivrlpxbbcrlehafohdrtst/Build/Products/Debug-iphonesimulator/FootprintMap.swiftmodule/Project/x86_64-apple-ios-simulator.swiftsourceinfo /Users/seven/Library/Developer/Xcode/DerivedData/FootprintMap-eophndivrlpxbbcrlehafohdrtst/Build/Intermediates.noindex/FootprintMap.build/Debug-iphonesimulator/FootprintMap.build/Objects-normal/x86_64/FootprintMap.swiftsourceinfo (in target 'FootprintMap' from project 'FootprintMap')
    cd /Users/seven/Downloads/PhotoTrail/FootprintMap
    builtin-copy -exclude .DS_Store -exclude CVS -exclude .svn -exclude .git -exclude .hg -resolve-src-symlinks -rename /Users/seven/Library/Developer/Xcode/DerivedData/FootprintMap-eophndivrlpxbbcrlehafohdrtst/Build/Intermediates.noindex/FootprintMap.build/Debug-iphonesimulator/FootprintMap.build/Objects-normal/x86_64/FootprintMap.swiftsourceinfo /Users/seven/Library/Developer/Xcode/DerivedData/FootprintMap-eophndivrlpxbbcrlehafohdrtst/Build/Products/Debug-iphonesimulator/FootprintMap.swiftmodule/Project/x86_64-apple-ios-simulator.swiftsourceinfo

SwiftDriverJobDiscovery normal arm64 Compiling PlaybackController.swift (in target 'FootprintMap' from project 'FootprintMap')

SwiftDriverJobDiscovery normal x86_64 Compiling PlaybackController.swift (in target 'FootprintMap' from project 'FootprintMap')

SwiftCompile normal x86_64 Compiling\ FootprintHomeView.swift /Users/seven/Downloads/PhotoTrail/FootprintMap/FootprintMap/FootprintHomeView.swift (in target 'FootprintMap' from project 'FootprintMap')

SwiftCompile normal x86_64 /Users/seven/Downloads/PhotoTrail/FootprintMap/FootprintMap/FootprintHomeView.swift (in target 'FootprintMap' from project 'FootprintMap')
    cd /Users/seven/Downloads/PhotoTrail/FootprintMap
    
/Users/seven/Downloads/PhotoTrail/FootprintMap/FootprintMap/FootprintHomeView.swift:239:41: warning: 'fetchMoments(with:)' was deprecated in iOS 13: Will be removed in a future release
        let moments = PHAssetCollection.fetchMoments(with: options)
                                        ^

SwiftCompile normal arm64 Compiling\ FootprintHomeView.swift /Users/seven/Downloads/PhotoTrail/FootprintMap/FootprintMap/FootprintHomeView.swift (in target 'FootprintMap' from project 'FootprintMap')

SwiftCompile normal arm64 /Users/seven/Downloads/PhotoTrail/FootprintMap/FootprintMap/FootprintHomeView.swift (in target 'FootprintMap' from project 'FootprintMap')
    cd /Users/seven/Downloads/PhotoTrail/FootprintMap
    
/Users/seven/Downloads/PhotoTrail/FootprintMap/FootprintMap/FootprintHomeView.swift:239:41: warning: 'fetchMoments(with:)' was deprecated in iOS 13: Will be removed in a future release
        let moments = PHAssetCollection.fetchMoments(with: options)
                                        ^

SwiftDriverJobDiscovery normal x86_64 Compiling FootprintHomeView.swift (in target 'FootprintMap' from project 'FootprintMap')

SwiftDriverJobDiscovery normal arm64 Compiling FootprintHomeView.swift (in target 'FootprintMap' from project 'FootprintMap')

SwiftDriverJobDiscovery normal x86_64 Compiling PhotoMapViews.swift (in target 'FootprintMap' from project 'FootprintMap')

SwiftDriver\ Compilation FootprintMap normal x86_64 com.apple.xcode.tools.swift.compiler (in target 'FootprintMap' from project 'FootprintMap')
    cd /Users/seven/Downloads/PhotoTrail/FootprintMap
    builtin-Swift-Compilation -- /Applications/Xcode.app/Contents/Developer/Toolchains/XcodeDefault.xctoolchain/usr/bin/swiftc -module-name FootprintMap -Onone -enforce-exclusivity\=checked @/Users/seven/Library/Developer/Xcode/DerivedData/FootprintMap-eophndivrlpxbbcrlehafohdrtst/Build/Intermediates.noindex/FootprintMap.build/Debug-iphonesimulator/FootprintMap.build/Objects-normal/x86_64/FootprintMap.SwiftFileList -DDEBUG -enable-bare-slash-regex -enable-experimental-feature DebugDescriptionMacro -sdk /Applications/Xcode.app/Contents/Developer/Platforms/iPhoneSimulator.platform/Developer/SDKs/iPhoneSimulator26.2.sdk -target x86_64-apple-ios17.0-simulator -g -module-cache-path /Users/seven/Library/Developer/Xcode/DerivedData/ModuleCache.noindex -Xfrontend -serialize-debugging-options -enable-testing -index-store-path /Users/seven/Library/Developer/Xcode/DerivedData/FootprintMap-eophndivrlpxbbcrlehafohdrtst/Index.noindex/DataStore -Xcc -D_LIBCPP_HARDENING_MODE\=_LIBCPP_HARDENING_MODE_DEBUG -swift-version 5 -I /Users/seven/Library/Developer/Xcode/DerivedData/FootprintMap-eophndivrlpxbbcrlehafohdrtst/Build/Products/Debug-iphonesimulator -F /Users/seven/Library/Developer/Xcode/DerivedData/FootprintMap-eophndivrlpxbbcrlehafohdrtst/Build/Products/Debug-iphonesimulator/PackageFrameworks -F /Users/seven/Library/Developer/Xcode/DerivedData/FootprintMap-eophndivrlpxbbcrlehafohdrtst/Build/Products/Debug-iphonesimulator/PackageFrameworks -F /Users/seven/Library/Developer/Xcode/DerivedData/FootprintMap-eophndivrlpxbbcrlehafohdrtst/Build/Products/Debug-iphonesimulator/PackageFrameworks -F /Users/seven/Library/Developer/Xcode/DerivedData/FootprintMap-eophndivrlpxbbcrlehafohdrtst/Build/Products/Debug-iphonesimulator -c -j8 -enable-batch-mode -incremental -Xcc -ivfsstatcache -Xcc /Users/seven/Library/Developer/Xcode/DerivedData/SDKStatCaches.noindex/iphonesimulator26.2-23C57-dc75598d0054f22ec865fa860f139d727d00a8b37fbd7999ea79df8ebc024bf0.sdkstatcache -output-file-map /Users/seven/Library/Developer/Xcode/DerivedData/FootprintMap-eophndivrlpxbbcrlehafohdrtst/Build/Intermediates.noindex/FootprintMap.build/Debug-iphonesimulator/FootprintMap.build/Objects-normal/x86_64/FootprintMap-OutputFileMap.json -use-frontend-parseable-output -save-temps -no-color-diagnostics -explicit-module-build -module-cache-path /Users/seven/Library/Developer/Xcode/DerivedData/FootprintMap-eophndivrlpxbbcrlehafohdrtst/Build/Intermediates.noindex/SwiftExplicitPrecompiledModules -clang-scanner-module-cache-path /Users/seven/Library/Developer/Xcode/DerivedData/ModuleCache.noindex -sdk-module-cache-path /Users/seven/Library/Developer/Xcode/DerivedData/ModuleCache.noindex -serialize-diagnostics -emit-dependencies -emit-module -emit-module-path /Users/seven/Library/Developer/Xcode/DerivedData/FootprintMap-eophndivrlpxbbcrlehafohdrtst/Build/Intermediates.noindex/FootprintMap.build/Debug-iphonesimulator/FootprintMap.build/Objects-normal/x86_64/FootprintMap.swiftmodule -validate-clang-modules-once -clang-build-session-file /Users/seven/Library/Developer/Xcode/DerivedData/ModuleCache.noindex/Session.modulevalidation -Xcc -I/Users/seven/Library/Developer/Xcode/DerivedData/FootprintMap-eophndivrlpxbbcrlehafohdrtst/Build/Intermediates.noindex/FootprintMap.build/Debug-iphonesimulator/FootprintMap.build/swift-overrides.hmap -emit-const-values -Xfrontend -const-gather-protocols-file -Xfrontend /Users/seven/Library/Developer/Xcode/DerivedData/FootprintMap-eophndivrlpxbbcrlehafohdrtst/Build/Intermediates.noindex/FootprintMap.build/Debug-iphonesimulator/FootprintMap.build/Objects-normal/x86_64/FootprintMap_const_extract_protocols.json -Xcc -iquote -Xcc /Users/seven/Library/Developer/Xcode/DerivedData/FootprintMap-eophndivrlpxbbcrlehafohdrtst/Build/Intermediates.noindex/FootprintMap.build/Debug-iphonesimulator/FootprintMap.build/FootprintMap-generated-files.hmap -Xcc -I/Users/seven/Library/Developer/Xcode/DerivedData/FootprintMap-eophndivrlpxbbcrlehafohdrtst/Build/Intermediates.noindex/FootprintMap.build/Debug-iphonesimulator/FootprintMap.build/FootprintMap-own-target-headers.hmap -Xcc -I/Users/seven/Library/Developer/Xcode/DerivedData/FootprintMap-eophndivrlpxbbcrlehafohdrtst/Build/Intermediates.noindex/FootprintMap.build/Debug-iphonesimulator/FootprintMap.build/FootprintMap-all-non-framework-target-headers.hmap -Xcc -ivfsoverlay -Xcc /Users/seven/Library/Developer/Xcode/DerivedData/FootprintMap-eophndivrlpxbbcrlehafohdrtst/Build/Intermediates.noindex/FootprintMap.build/Debug-iphonesimulator/FootprintMap-c3e91d4c5c794c7df39455718aad93f0-VFS-iphonesimulator/all-product-headers.yaml -Xcc -iquote -Xcc /Users/seven/Library/Developer/Xcode/DerivedData/FootprintMap-eophndivrlpxbbcrlehafohdrtst/Build/Intermediates.noindex/FootprintMap.build/Debug-iphonesimulator/FootprintMap.build/FootprintMap-project-headers.hmap -Xcc -I/Users/seven/Library/Developer/Xcode/DerivedData/FootprintMap-eophndivrlpxbbcrlehafohdrtst/Build/Products/Debug-iphonesimulator/include -Xcc -I/Users/seven/Library/Developer/Xcode/DerivedData/FootprintMap-eophndivrlpxbbcrlehafohdrtst/Build/Intermediates.noindex/FootprintMap.build/Debug-iphonesimulator/FootprintMap.build/DerivedSources-normal/x86_64 -Xcc -I/Users/seven/Library/Developer/Xcode/DerivedData/FootprintMap-eophndivrlpxbbcrlehafohdrtst/Build/Intermediates.noindex/FootprintMap.build/Debug-iphonesimulator/FootprintMap.build/DerivedSources/x86_64 -Xcc -I/Users/seven/Library/Developer/Xcode/DerivedData/FootprintMap-eophndivrlpxbbcrlehafohdrtst/Build/Intermediates.noindex/FootprintMap.build/Debug-iphonesimulator/FootprintMap.build/DerivedSources -Xcc -DDEBUG\=1 -emit-objc-header -emit-objc-header-path /Users/seven/Library/Developer/Xcode/DerivedData/FootprintMap-eophndivrlpxbbcrlehafohdrtst/Build/Intermediates.noindex/FootprintMap.build/Debug-iphonesimulator/FootprintMap.build/Objects-normal/x86_64/FootprintMap-Swift.h -working-directory /Users/seven/Downloads/PhotoTrail/FootprintMap -experimental-emit-module-separately -disable-cmo

Ld /Users/seven/Library/Developer/Xcode/DerivedData/FootprintMap-eophndivrlpxbbcrlehafohdrtst/Build/Intermediates.noindex/FootprintMap.build/Debug-iphonesimulator/FootprintMap.build/Objects-normal/x86_64/Binary/FootprintMap.debug.dylib normal x86_64 (in target 'FootprintMap' from project 'FootprintMap')
    cd /Users/seven/Downloads/PhotoTrail/FootprintMap
    /Applications/Xcode.app/Contents/Developer/Toolchains/XcodeDefault.xctoolchain/usr/bin/clang -Xlinker -reproducible -target x86_64-apple-ios17.0-simulator -dynamiclib -isysroot /Applications/Xcode.app/Contents/Developer/Platforms/iPhoneSimulator.platform/Developer/SDKs/iPhoneSimulator26.2.sdk -O0 -L/Users/seven/Library/Developer/Xcode/DerivedData/FootprintMap-eophndivrlpxbbcrlehafohdrtst/Build/Intermediates.noindex/EagerLinkingTBDs/Debug-iphonesimulator -L/Users/seven/Library/Developer/Xcode/DerivedData/FootprintMap-eophndivrlpxbbcrlehafohdrtst/Build/Products/Debug-iphonesimulator -F/Users/seven/Library/Developer/Xcode/DerivedData/FootprintMap-eophndivrlpxbbcrlehafohdrtst/Build/Intermediates.noindex/EagerLinkingTBDs/Debug-iphonesimulator -F/Users/seven/Library/Developer/Xcode/DerivedData/FootprintMap-eophndivrlpxbbcrlehafohdrtst/Build/Products/Debug-iphonesimulator/PackageFrameworks -F/Users/seven/Library/Developer/Xcode/DerivedData/FootprintMap-eophndivrlpxbbcrlehafohdrtst/Build/Products/Debug-iphonesimulator/PackageFrameworks -F/Users/seven/Library/Developer/Xcode/DerivedData/FootprintMap-eophndivrlpxbbcrlehafohdrtst/Build/Products/Debug-iphonesimulator/PackageFrameworks -F/Users/seven/Library/Developer/Xcode/DerivedData/FootprintMap-eophndivrlpxbbcrlehafohdrtst/Build/Products/Debug-iphonesimulator -filelist /Users/seven/Library/Developer/Xcode/DerivedData/FootprintMap-eophndivrlpxbbcrlehafohdrtst/Build/Intermediates.noindex/FootprintMap.build/Debug-iphonesimulator/FootprintMap.build/Objects-normal/x86_64/FootprintMap.LinkFileList -install_name @rpath/FootprintMap.debug.dylib -Xlinker -rpath -Xlinker /usr/lib/swift -Xlinker -rpath -Xlinker /Users/seven/Library/Developer/Xcode/DerivedData/FootprintMap-eophndivrlpxbbcrlehafohdrtst/Build/Products/Debug-iphonesimulator/PackageFrameworks -Xlinker -rpath -Xlinker @executable_path/Frameworks -dead_strip -Xlinker -object_path_lto -Xlinker /Users/seven/Library/Developer/Xcode/DerivedData/FootprintMap-eophndivrlpxbbcrlehafohdrtst/Build/Intermediates.noindex/FootprintMap.build/Debug-iphonesimulator/FootprintMap.build/Objects-normal/x86_64/FootprintMap_lto.o -rdynamic -Xlinker -no_deduplicate -Xlinker -objc_abi_version -Xlinker 2 -Xlinker -dependency_info -Xlinker /Users/seven/Library/Developer/Xcode/DerivedData/FootprintMap-eophndivrlpxbbcrlehafohdrtst/Build/Intermediates.noindex/FootprintMap.build/Debug-iphonesimulator/FootprintMap.build/Objects-normal/x86_64/FootprintMap_dependency_info.dat -fobjc-link-runtime -L/Applications/Xcode.app/Contents/Developer/Toolchains/XcodeDefault.xctoolchain/usr/lib/swift/iphonesimulator -L/usr/lib/swift -Xlinker -add_ast_path -Xlinker /Users/seven/Library/Developer/Xcode/DerivedData/FootprintMap-eophndivrlpxbbcrlehafohdrtst/Build/Intermediates.noindex/FootprintMap.build/Debug-iphonesimulator/FootprintMap.build/Objects-normal/x86_64/FootprintMap.swiftmodule @/Users/seven/Library/Developer/Xcode/DerivedData/FootprintMap-eophndivrlpxbbcrlehafohdrtst/Build/Intermediates.noindex/FootprintMap.build/Debug-iphonesimulator/FootprintMap.build/Objects-normal/x86_64/FootprintMap-linker-args.resp -Wl,-no_warn_duplicate_libraries -Wl,-no_warn_duplicate_libraries -Wl,-no_warn_duplicate_libraries -Xlinker -alias -Xlinker _main -Xlinker ___debug_main_executable_dylib_entry_point -framework Turf -framework Turf -framework MapboxCommon -framework Turf -framework MapboxCoreMaps -Xlinker -no_adhoc_codesign -o /Users/seven/Library/Developer/Xcode/DerivedData/FootprintMap-eophndivrlpxbbcrlehafohdrtst/Build/Intermediates.noindex/FootprintMap.build/Debug-iphonesimulator/FootprintMap.build/Objects-normal/x86_64/Binary/FootprintMap.debug.dylib -Xlinker -add_ast_path -Xlinker /Users/seven/Library/Developer/Xcode/DerivedData/FootprintMap-eophndivrlpxbbcrlehafohdrtst/Build/Intermediates.noindex/MapboxMaps.build/Debug-iphonesimulator/MapboxMaps.build/Objects-normal/x86_64/MapboxMaps.swiftmodule @/Users/seven/Library/Developer/Xcode/DerivedData/FootprintMap-eophndivrlpxbbcrlehafohdrtst/Build/Intermediates.noindex/MapboxMaps.build/Debug-iphonesimulator/MapboxMaps.build/Objects-normal/x86_64/MapboxMaps-linker-args.resp -Xlinker -add_ast_path -Xlinker /Users/seven/Library/Developer/Xcode/DerivedData/FootprintMap-eophndivrlpxbbcrlehafohdrtst/Build/Intermediates.noindex/MapboxCommon.build/Debug-iphonesimulator/MapboxCommonWrapper.build/Objects-normal/x86_64/MapboxCommonWrapper.swiftmodule @/Users/seven/Library/Developer/Xcode/DerivedData/FootprintMap-eophndivrlpxbbcrlehafohdrtst/Build/Intermediates.noindex/MapboxCommon.build/Debug-iphonesimulator/MapboxCommonWrapper.build/Objects-normal/x86_64/MapboxCommonWrapper-linker-args.resp -Xlinker -add_ast_path -Xlinker /Users/seven/Library/Developer/Xcode/DerivedData/FootprintMap-eophndivrlpxbbcrlehafohdrtst/Build/Intermediates.noindex/MapboxCoreMaps.build/Debug-iphonesimulator/MapboxCoreMapsWrapper.build/Objects-normal/x86_64/MapboxCoreMapsWrapper.swiftmodule @/Users/seven/Library/Developer/Xcode/DerivedData/FootprintMap-eophndivrlpxbbcrlehafohdrtst/Build/Intermediates.noindex/MapboxCoreMaps.build/Debug-iphonesimulator/MapboxCoreMapsWrapper.build/Objects-normal/x86_64/MapboxCoreMapsWrapper-linker-args.resp

SwiftDriverJobDiscovery normal arm64 Compiling PhotoMapViews.swift (in target 'FootprintMap' from project 'FootprintMap')

SwiftDriver\ Compilation FootprintMap normal arm64 com.apple.xcode.tools.swift.compiler (in target 'FootprintMap' from project 'FootprintMap')
    cd /Users/seven/Downloads/PhotoTrail/FootprintMap
    builtin-Swift-Compilation -- /Applications/Xcode.app/Contents/Developer/Toolchains/XcodeDefault.xctoolchain/usr/bin/swiftc -module-name FootprintMap -Onone -enforce-exclusivity\=checked @/Users/seven/Library/Developer/Xcode/DerivedData/FootprintMap-eophndivrlpxbbcrlehafohdrtst/Build/Intermediates.noindex/FootprintMap.build/Debug-iphonesimulator/FootprintMap.build/Objects-normal/arm64/FootprintMap.SwiftFileList -DDEBUG -enable-bare-slash-regex -enable-experimental-feature DebugDescriptionMacro -sdk /Applications/Xcode.app/Contents/Developer/Platforms/iPhoneSimulator.platform/Developer/SDKs/iPhoneSimulator26.2.sdk -target arm64-apple-ios17.0-simulator -g -module-cache-path /Users/seven/Library/Developer/Xcode/DerivedData/ModuleCache.noindex -Xfrontend -serialize-debugging-options -enable-testing -index-store-path /Users/seven/Library/Developer/Xcode/DerivedData/FootprintMap-eophndivrlpxbbcrlehafohdrtst/Index.noindex/DataStore -Xcc -D_LIBCPP_HARDENING_MODE\=_LIBCPP_HARDENING_MODE_DEBUG -swift-version 5 -I /Users/seven/Library/Developer/Xcode/DerivedData/FootprintMap-eophndivrlpxbbcrlehafohdrtst/Build/Products/Debug-iphonesimulator -F /Users/seven/Library/Developer/Xcode/DerivedData/FootprintMap-eophndivrlpxbbcrlehafohdrtst/Build/Products/Debug-iphonesimulator/PackageFrameworks -F /Users/seven/Library/Developer/Xcode/DerivedData/FootprintMap-eophndivrlpxbbcrlehafohdrtst/Build/Products/Debug-iphonesimulator/PackageFrameworks -F /Users/seven/Library/Developer/Xcode/DerivedData/FootprintMap-eophndivrlpxbbcrlehafohdrtst/Build/Products/Debug-iphonesimulator/PackageFrameworks -F /Users/seven/Library/Developer/Xcode/DerivedData/FootprintMap-eophndivrlpxbbcrlehafohdrtst/Build/Products/Debug-iphonesimulator -c -j8 -enable-batch-mode -incremental -Xcc -ivfsstatcache -Xcc /Users/seven/Library/Developer/Xcode/DerivedData/SDKStatCaches.noindex/iphonesimulator26.2-23C57-dc75598d0054f22ec865fa860f139d727d00a8b37fbd7999ea79df8ebc024bf0.sdkstatcache -output-file-map /Users/seven/Library/Developer/Xcode/DerivedData/FootprintMap-eophndivrlpxbbcrlehafohdrtst/Build/Intermediates.noindex/FootprintMap.build/Debug-iphonesimulator/FootprintMap.build/Objects-normal/arm64/FootprintMap-OutputFileMap.json -use-frontend-parseable-output -save-temps -no-color-diagnostics -explicit-module-build -module-cache-path /Users/seven/Library/Developer/Xcode/DerivedData/FootprintMap-eophndivrlpxbbcrlehafohdrtst/Build/Intermediates.noindex/SwiftExplicitPrecompiledModules -clang-scanner-module-cache-path /Users/seven/Library/Developer/Xcode/DerivedData/ModuleCache.noindex -sdk-module-cache-path /Users/seven/Library/Developer/Xcode/DerivedData/ModuleCache.noindex -serialize-diagnostics -emit-dependencies -emit-module -emit-module-path /Users/seven/Library/Developer/Xcode/DerivedData/FootprintMap-eophndivrlpxbbcrlehafohdrtst/Build/Intermediates.noindex/FootprintMap.build/Debug-iphonesimulator/FootprintMap.build/Objects-normal/arm64/FootprintMap.swiftmodule -validate-clang-modules-once -clang-build-session-file /Users/seven/Library/Developer/Xcode/DerivedData/ModuleCache.noindex/Session.modulevalidation -Xcc -I/Users/seven/Library/Developer/Xcode/DerivedData/FootprintMap-eophndivrlpxbbcrlehafohdrtst/Build/Intermediates.noindex/FootprintMap.build/Debug-iphonesimulator/FootprintMap.build/swift-overrides.hmap -emit-const-values -Xfrontend -const-gather-protocols-file -Xfrontend /Users/seven/Library/Developer/Xcode/DerivedData/FootprintMap-eophndivrlpxbbcrlehafohdrtst/Build/Intermediates.noindex/FootprintMap.build/Debug-iphonesimulator/FootprintMap.build/Objects-normal/arm64/FootprintMap_const_extract_protocols.json -Xcc -iquote -Xcc /Users/seven/Library/Developer/Xcode/DerivedData/FootprintMap-eophndivrlpxbbcrlehafohdrtst/Build/Intermediates.noindex/FootprintMap.build/Debug-iphonesimulator/FootprintMap.build/FootprintMap-generated-files.hmap -Xcc -I/Users/seven/Library/Developer/Xcode/DerivedData/FootprintMap-eophndivrlpxbbcrlehafohdrtst/Build/Intermediates.noindex/FootprintMap.build/Debug-iphonesimulator/FootprintMap.build/FootprintMap-own-target-headers.hmap -Xcc -I/Users/seven/Library/Developer/Xcode/DerivedData/FootprintMap-eophndivrlpxbbcrlehafohdrtst/Build/Intermediates.noindex/FootprintMap.build/Debug-iphonesimulator/FootprintMap.build/FootprintMap-all-non-framework-target-headers.hmap -Xcc -ivfsoverlay -Xcc /Users/seven/Library/Developer/Xcode/DerivedData/FootprintMap-eophndivrlpxbbcrlehafohdrtst/Build/Intermediates.noindex/FootprintMap.build/Debug-iphonesimulator/FootprintMap-c3e91d4c5c794c7df39455718aad93f0-VFS-iphonesimulator/all-product-headers.yaml -Xcc -iquote -Xcc /Users/seven/Library/Developer/Xcode/DerivedData/FootprintMap-eophndivrlpxbbcrlehafohdrtst/Build/Intermediates.noindex/FootprintMap.build/Debug-iphonesimulator/FootprintMap.build/FootprintMap-project-headers.hmap -Xcc -I/Users/seven/Library/Developer/Xcode/DerivedData/FootprintMap-eophndivrlpxbbcrlehafohdrtst/Build/Products/Debug-iphonesimulator/include -Xcc -I/Users/seven/Library/Developer/Xcode/DerivedData/FootprintMap-eophndivrlpxbbcrlehafohdrtst/Build/Intermediates.noindex/FootprintMap.build/Debug-iphonesimulator/FootprintMap.build/DerivedSources-normal/arm64 -Xcc -I/Users/seven/Library/Developer/Xcode/DerivedData/FootprintMap-eophndivrlpxbbcrlehafohdrtst/Build/Intermediates.noindex/FootprintMap.build/Debug-iphonesimulator/FootprintMap.build/DerivedSources/arm64 -Xcc -I/Users/seven/Library/Developer/Xcode/DerivedData/FootprintMap-eophndivrlpxbbcrlehafohdrtst/Build/Intermediates.noindex/FootprintMap.build/Debug-iphonesimulator/FootprintMap.build/DerivedSources -Xcc -DDEBUG\=1 -emit-objc-header -emit-objc-header-path /Users/seven/Library/Developer/Xcode/DerivedData/FootprintMap-eophndivrlpxbbcrlehafohdrtst/Build/Intermediates.noindex/FootprintMap.build/Debug-iphonesimulator/FootprintMap.build/Objects-normal/arm64/FootprintMap-Swift.h -working-directory /Users/seven/Downloads/PhotoTrail/FootprintMap -experimental-emit-module-separately -disable-cmo

Ld /Users/seven/Library/Developer/Xcode/DerivedData/FootprintMap-eophndivrlpxbbcrlehafohdrtst/Build/Intermediates.noindex/FootprintMap.build/Debug-iphonesimulator/FootprintMap.build/Objects-normal/arm64/Binary/FootprintMap.debug.dylib normal arm64 (in target 'FootprintMap' from project 'FootprintMap')
    cd /Users/seven/Downloads/PhotoTrail/FootprintMap
    /Applications/Xcode.app/Contents/Developer/Toolchains/XcodeDefault.xctoolchain/usr/bin/clang -Xlinker -reproducible -target arm64-apple-ios17.0-simulator -dynamiclib -isysroot /Applications/Xcode.app/Contents/Developer/Platforms/iPhoneSimulator.platform/Developer/SDKs/iPhoneSimulator26.2.sdk -O0 -L/Users/seven/Library/Developer/Xcode/DerivedData/FootprintMap-eophndivrlpxbbcrlehafohdrtst/Build/Intermediates.noindex/EagerLinkingTBDs/Debug-iphonesimulator -L/Users/seven/Library/Developer/Xcode/DerivedData/FootprintMap-eophndivrlpxbbcrlehafohdrtst/Build/Products/Debug-iphonesimulator -F/Users/seven/Library/Developer/Xcode/DerivedData/FootprintMap-eophndivrlpxbbcrlehafohdrtst/Build/Intermediates.noindex/EagerLinkingTBDs/Debug-iphonesimulator -F/Users/seven/Library/Developer/Xcode/DerivedData/FootprintMap-eophndivrlpxbbcrlehafohdrtst/Build/Products/Debug-iphonesimulator/PackageFrameworks -F/Users/seven/Library/Developer/Xcode/DerivedData/FootprintMap-eophndivrlpxbbcrlehafohdrtst/Build/Products/Debug-iphonesimulator/PackageFrameworks -F/Users/seven/Library/Developer/Xcode/DerivedData/FootprintMap-eophndivrlpxbbcrlehafohdrtst/Build/Products/Debug-iphonesimulator/PackageFrameworks -F/Users/seven/Library/Developer/Xcode/DerivedData/FootprintMap-eophndivrlpxbbcrlehafohdrtst/Build/Products/Debug-iphonesimulator -filelist /Users/seven/Library/Developer/Xcode/DerivedData/FootprintMap-eophndivrlpxbbcrlehafohdrtst/Build/Intermediates.noindex/FootprintMap.build/Debug-iphonesimulator/FootprintMap.build/Objects-normal/arm64/FootprintMap.LinkFileList -install_name @rpath/FootprintMap.debug.dylib -Xlinker -rpath -Xlinker /usr/lib/swift -Xlinker -rpath -Xlinker /Users/seven/Library/Developer/Xcode/DerivedData/FootprintMap-eophndivrlpxbbcrlehafohdrtst/Build/Products/Debug-iphonesimulator/PackageFrameworks -Xlinker -rpath -Xlinker @executable_path/Frameworks -dead_strip -Xlinker -object_path_lto -Xlinker /Users/seven/Library/Developer/Xcode/DerivedData/FootprintMap-eophndivrlpxbbcrlehafohdrtst/Build/Intermediates.noindex/FootprintMap.build/Debug-iphonesimulator/FootprintMap.build/Objects-normal/arm64/FootprintMap_lto.o -rdynamic -Xlinker -no_deduplicate -Xlinker -objc_abi_version -Xlinker 2 -Xlinker -dependency_info -Xlinker /Users/seven/Library/Developer/Xcode/DerivedData/FootprintMap-eophndivrlpxbbcrlehafohdrtst/Build/Intermediates.noindex/FootprintMap.build/Debug-iphonesimulator/FootprintMap.build/Objects-normal/arm64/FootprintMap_dependency_info.dat -fobjc-link-runtime -L/Applications/Xcode.app/Contents/Developer/Toolchains/XcodeDefault.xctoolchain/usr/lib/swift/iphonesimulator -L/usr/lib/swift -Xlinker -add_ast_path -Xlinker /Users/seven/Library/Developer/Xcode/DerivedData/FootprintMap-eophndivrlpxbbcrlehafohdrtst/Build/Intermediates.noindex/FootprintMap.build/Debug-iphonesimulator/FootprintMap.build/Objects-normal/arm64/FootprintMap.swiftmodule @/Users/seven/Library/Developer/Xcode/DerivedData/FootprintMap-eophndivrlpxbbcrlehafohdrtst/Build/Intermediates.noindex/FootprintMap.build/Debug-iphonesimulator/FootprintMap.build/Objects-normal/arm64/FootprintMap-linker-args.resp -Wl,-no_warn_duplicate_libraries -Wl,-no_warn_duplicate_libraries -Wl,-no_warn_duplicate_libraries -Xlinker -alias -Xlinker _main -Xlinker ___debug_main_executable_dylib_entry_point -framework Turf -framework Turf -framework MapboxCommon -framework Turf -framework MapboxCoreMaps -Xlinker -no_adhoc_codesign -o /Users/seven/Library/Developer/Xcode/DerivedData/FootprintMap-eophndivrlpxbbcrlehafohdrtst/Build/Intermediates.noindex/FootprintMap.build/Debug-iphonesimulator/FootprintMap.build/Objects-normal/arm64/Binary/FootprintMap.debug.dylib -Xlinker -add_ast_path -Xlinker /Users/seven/Library/Developer/Xcode/DerivedData/FootprintMap-eophndivrlpxbbcrlehafohdrtst/Build/Intermediates.noindex/MapboxMaps.build/Debug-iphonesimulator/MapboxMaps.build/Objects-normal/arm64/MapboxMaps.swiftmodule @/Users/seven/Library/Developer/Xcode/DerivedData/FootprintMap-eophndivrlpxbbcrlehafohdrtst/Build/Intermediates.noindex/MapboxMaps.build/Debug-iphonesimulator/MapboxMaps.build/Objects-normal/arm64/MapboxMaps-linker-args.resp -Xlinker -add_ast_path -Xlinker /Users/seven/Library/Developer/Xcode/DerivedData/FootprintMap-eophndivrlpxbbcrlehafohdrtst/Build/Intermediates.noindex/MapboxCommon.build/Debug-iphonesimulator/MapboxCommonWrapper.build/Objects-normal/arm64/MapboxCommonWrapper.swiftmodule @/Users/seven/Library/Developer/Xcode/DerivedData/FootprintMap-eophndivrlpxbbcrlehafohdrtst/Build/Intermediates.noindex/MapboxCommon.build/Debug-iphonesimulator/MapboxCommonWrapper.build/Objects-normal/arm64/MapboxCommonWrapper-linker-args.resp -Xlinker -add_ast_path -Xlinker /Users/seven/Library/Developer/Xcode/DerivedData/FootprintMap-eophndivrlpxbbcrlehafohdrtst/Build/Intermediates.noindex/MapboxCoreMaps.build/Debug-iphonesimulator/MapboxCoreMapsWrapper.build/Objects-normal/arm64/MapboxCoreMapsWrapper.swiftmodule @/Users/seven/Library/Developer/Xcode/DerivedData/FootprintMap-eophndivrlpxbbcrlehafohdrtst/Build/Intermediates.noindex/MapboxCoreMaps.build/Debug-iphonesimulator/MapboxCoreMapsWrapper.build/Objects-normal/arm64/MapboxCoreMapsWrapper-linker-args.resp

ConstructStubExecutorLinkFileList /Users/seven/Library/Developer/Xcode/DerivedData/FootprintMap-eophndivrlpxbbcrlehafohdrtst/Build/Intermediates.noindex/FootprintMap.build/Debug-iphonesimulator/FootprintMap.build/FootprintMap-ExecutorLinkFileList-normal-x86_64.txt (in target 'FootprintMap' from project 'FootprintMap')
    cd /Users/seven/Downloads/PhotoTrail/FootprintMap
    construct-stub-executor-link-file-list /Users/seven/Library/Developer/Xcode/DerivedData/FootprintMap-eophndivrlpxbbcrlehafohdrtst/Build/Intermediates.noindex/FootprintMap.build/Debug-iphonesimulator/FootprintMap.build/Objects-normal/x86_64/Binary/FootprintMap.debug.dylib /Applications/Xcode.app/Contents/Developer/Platforms/iPhoneSimulator.platform/Developer/usr/lib/libPreviewsJITStubExecutor_no_swift_entry_point.a /Applications/Xcode.app/Contents/Developer/Platforms/iPhoneSimulator.platform/Developer/usr/lib/libPreviewsJITStubExecutor.a --output /Users/seven/Library/Developer/Xcode/DerivedData/FootprintMap-eophndivrlpxbbcrlehafohdrtst/Build/Intermediates.noindex/FootprintMap.build/Debug-iphonesimulator/FootprintMap.build/FootprintMap-ExecutorLinkFileList-normal-x86_64.txt
note: Using stub executor library with Swift entry point. (in target 'FootprintMap' from project 'FootprintMap')

CreateUniversalBinary /Users/seven/Library/Developer/Xcode/DerivedData/FootprintMap-eophndivrlpxbbcrlehafohdrtst/Build/Products/Debug-iphonesimulator/FootprintMap.app/FootprintMap.debug.dylib normal arm64\ x86_64 (in target 'FootprintMap' from project 'FootprintMap')
    cd /Users/seven/Downloads/PhotoTrail/FootprintMap
    /Applications/Xcode.app/Contents/Developer/Toolchains/XcodeDefault.xctoolchain/usr/bin/lipo -create /Users/seven/Library/Developer/Xcode/DerivedData/FootprintMap-eophndivrlpxbbcrlehafohdrtst/Build/Intermediates.noindex/FootprintMap.build/Debug-iphonesimulator/FootprintMap.build/Objects-normal/arm64/Binary/FootprintMap.debug.dylib /Users/seven/Library/Developer/Xcode/DerivedData/FootprintMap-eophndivrlpxbbcrlehafohdrtst/Build/Intermediates.noindex/FootprintMap.build/Debug-iphonesimulator/FootprintMap.build/Objects-normal/x86_64/Binary/FootprintMap.debug.dylib -output /Users/seven/Library/Developer/Xcode/DerivedData/FootprintMap-eophndivrlpxbbcrlehafohdrtst/Build/Products/Debug-iphonesimulator/FootprintMap.app/FootprintMap.debug.dylib

ConstructStubExecutorLinkFileList /Users/seven/Library/Developer/Xcode/DerivedData/FootprintMap-eophndivrlpxbbcrlehafohdrtst/Build/Intermediates.noindex/FootprintMap.build/Debug-iphonesimulator/FootprintMap.build/FootprintMap-ExecutorLinkFileList-normal-arm64.txt (in target 'FootprintMap' from project 'FootprintMap')
    cd /Users/seven/Downloads/PhotoTrail/FootprintMap
    construct-stub-executor-link-file-list /Users/seven/Library/Developer/Xcode/DerivedData/FootprintMap-eophndivrlpxbbcrlehafohdrtst/Build/Intermediates.noindex/FootprintMap.build/Debug-iphonesimulator/FootprintMap.build/Objects-normal/arm64/Binary/FootprintMap.debug.dylib /Applications/Xcode.app/Contents/Developer/Platforms/iPhoneSimulator.platform/Developer/usr/lib/libPreviewsJITStubExecutor_no_swift_entry_point.a /Applications/Xcode.app/Contents/Developer/Platforms/iPhoneSimulator.platform/Developer/usr/lib/libPreviewsJITStubExecutor.a --output /Users/seven/Library/Developer/Xcode/DerivedData/FootprintMap-eophndivrlpxbbcrlehafohdrtst/Build/Intermediates.noindex/FootprintMap.build/Debug-iphonesimulator/FootprintMap.build/FootprintMap-ExecutorLinkFileList-normal-arm64.txt
note: Using stub executor library with Swift entry point. (in target 'FootprintMap' from project 'FootprintMap')

Ld /Users/seven/Library/Developer/Xcode/DerivedData/FootprintMap-eophndivrlpxbbcrlehafohdrtst/Build/Intermediates.noindex/FootprintMap.build/Debug-iphonesimulator/FootprintMap.build/Objects-normal/x86_64/Binary/FootprintMap normal x86_64 (in target 'FootprintMap' from project 'FootprintMap')
    cd /Users/seven/Downloads/PhotoTrail/FootprintMap
    /Applications/Xcode.app/Contents/Developer/Toolchains/XcodeDefault.xctoolchain/usr/bin/clang -Xlinker -reproducible -target x86_64-apple-ios17.0-simulator -isysroot /Applications/Xcode.app/Contents/Developer/Platforms/iPhoneSimulator.platform/Developer/SDKs/iPhoneSimulator26.2.sdk -O0 -L/Users/seven/Library/Developer/Xcode/DerivedData/FootprintMap-eophndivrlpxbbcrlehafohdrtst/Build/Products/Debug-iphonesimulator -F/Users/seven/Library/Developer/Xcode/DerivedData/FootprintMap-eophndivrlpxbbcrlehafohdrtst/Build/Products/Debug-iphonesimulator/PackageFrameworks -F/Users/seven/Library/Developer/Xcode/DerivedData/FootprintMap-eophndivrlpxbbcrlehafohdrtst/Build/Products/Debug-iphonesimulator/PackageFrameworks -F/Users/seven/Library/Developer/Xcode/DerivedData/FootprintMap-eophndivrlpxbbcrlehafohdrtst/Build/Products/Debug-iphonesimulator/PackageFrameworks -F/Users/seven/Library/Developer/Xcode/DerivedData/FootprintMap-eophndivrlpxbbcrlehafohdrtst/Build/Products/Debug-iphonesimulator -Xlinker -rpath -Xlinker @executable_path -Xlinker -rpath -Xlinker /Users/seven/Library/Developer/Xcode/DerivedData/FootprintMap-eophndivrlpxbbcrlehafohdrtst/Build/Products/Debug-iphonesimulator/PackageFrameworks -Xlinker -rpath -Xlinker @executable_path/Frameworks -rdynamic -Xlinker -no_deduplicate -Xlinker -objc_abi_version -Xlinker 2 -e ___debug_blank_executor_main -Xlinker -sectcreate -Xlinker __TEXT -Xlinker __debug_dylib -Xlinker /Users/seven/Library/Developer/Xcode/DerivedData/FootprintMap-eophndivrlpxbbcrlehafohdrtst/Build/Intermediates.noindex/FootprintMap.build/Debug-iphonesimulator/FootprintMap.build/FootprintMap-DebugDylibPath-normal-x86_64.txt -Xlinker -sectcreate -Xlinker __TEXT -Xlinker __debug_instlnm -Xlinker /Users/seven/Library/Developer/Xcode/DerivedData/FootprintMap-eophndivrlpxbbcrlehafohdrtst/Build/Intermediates.noindex/FootprintMap.build/Debug-iphonesimulator/FootprintMap.build/FootprintMap-DebugDylibInstallName-normal-x86_64.txt -Xlinker -filelist -Xlinker /Users/seven/Library/Developer/Xcode/DerivedData/FootprintMap-eophndivrlpxbbcrlehafohdrtst/Build/Intermediates.noindex/FootprintMap.build/Debug-iphonesimulator/FootprintMap.build/FootprintMap-ExecutorLinkFileList-normal-x86_64.txt -Xlinker -sectcreate -Xlinker __TEXT -Xlinker __entitlements -Xlinker /Users/seven/Library/Developer/Xcode/DerivedData/FootprintMap-eophndivrlpxbbcrlehafohdrtst/Build/Intermediates.noindex/FootprintMap.build/Debug-iphonesimulator/FootprintMap.build/FootprintMap.app-Simulated.xcent -Xlinker -sectcreate -Xlinker __TEXT -Xlinker __ents_der -Xlinker /Users/seven/Library/Developer/Xcode/DerivedData/FootprintMap-eophndivrlpxbbcrlehafohdrtst/Build/Intermediates.noindex/FootprintMap.build/Debug-iphonesimulator/FootprintMap.build/FootprintMap.app-Simulated.xcent.der /Users/seven/Library/Developer/Xcode/DerivedData/FootprintMap-eophndivrlpxbbcrlehafohdrtst/Build/Intermediates.noindex/FootprintMap.build/Debug-iphonesimulator/FootprintMap.build/Objects-normal/x86_64/Binary/FootprintMap.debug.dylib -Xlinker -no_adhoc_codesign -o /Users/seven/Library/Developer/Xcode/DerivedData/FootprintMap-eophndivrlpxbbcrlehafohdrtst/Build/Intermediates.noindex/FootprintMap.build/Debug-iphonesimulator/FootprintMap.build/Objects-normal/x86_64/Binary/FootprintMap

Ld /Users/seven/Library/Developer/Xcode/DerivedData/FootprintMap-eophndivrlpxbbcrlehafohdrtst/Build/Intermediates.noindex/FootprintMap.build/Debug-iphonesimulator/FootprintMap.build/Objects-normal/arm64/Binary/FootprintMap normal arm64 (in target 'FootprintMap' from project 'FootprintMap')
    cd /Users/seven/Downloads/PhotoTrail/FootprintMap
    /Applications/Xcode.app/Contents/Developer/Toolchains/XcodeDefault.xctoolchain/usr/bin/clang -Xlinker -reproducible -target arm64-apple-ios17.0-simulator -isysroot /Applications/Xcode.app/Contents/Developer/Platforms/iPhoneSimulator.platform/Developer/SDKs/iPhoneSimulator26.2.sdk -O0 -L/Users/seven/Library/Developer/Xcode/DerivedData/FootprintMap-eophndivrlpxbbcrlehafohdrtst/Build/Products/Debug-iphonesimulator -F/Users/seven/Library/Developer/Xcode/DerivedData/FootprintMap-eophndivrlpxbbcrlehafohdrtst/Build/Products/Debug-iphonesimulator/PackageFrameworks -F/Users/seven/Library/Developer/Xcode/DerivedData/FootprintMap-eophndivrlpxbbcrlehafohdrtst/Build/Products/Debug-iphonesimulator/PackageFrameworks -F/Users/seven/Library/Developer/Xcode/DerivedData/FootprintMap-eophndivrlpxbbcrlehafohdrtst/Build/Products/Debug-iphonesimulator/PackageFrameworks -F/Users/seven/Library/Developer/Xcode/DerivedData/FootprintMap-eophndivrlpxbbcrlehafohdrtst/Build/Products/Debug-iphonesimulator -Xlinker -rpath -Xlinker @executable_path -Xlinker -rpath -Xlinker /Users/seven/Library/Developer/Xcode/DerivedData/FootprintMap-eophndivrlpxbbcrlehafohdrtst/Build/Products/Debug-iphonesimulator/PackageFrameworks -Xlinker -rpath -Xlinker @executable_path/Frameworks -rdynamic -Xlinker -no_deduplicate -Xlinker -objc_abi_version -Xlinker 2 -e ___debug_blank_executor_main -Xlinker -sectcreate -Xlinker __TEXT -Xlinker __debug_dylib -Xlinker /Users/seven/Library/Developer/Xcode/DerivedData/FootprintMap-eophndivrlpxbbcrlehafohdrtst/Build/Intermediates.noindex/FootprintMap.build/Debug-iphonesimulator/FootprintMap.build/FootprintMap-DebugDylibPath-normal-arm64.txt -Xlinker -sectcreate -Xlinker __TEXT -Xlinker __debug_instlnm -Xlinker /Users/seven/Library/Developer/Xcode/DerivedData/FootprintMap-eophndivrlpxbbcrlehafohdrtst/Build/Intermediates.noindex/FootprintMap.build/Debug-iphonesimulator/FootprintMap.build/FootprintMap-DebugDylibInstallName-normal-arm64.txt -Xlinker -filelist -Xlinker /Users/seven/Library/Developer/Xcode/DerivedData/FootprintMap-eophndivrlpxbbcrlehafohdrtst/Build/Intermediates.noindex/FootprintMap.build/Debug-iphonesimulator/FootprintMap.build/FootprintMap-ExecutorLinkFileList-normal-arm64.txt -Xlinker -sectcreate -Xlinker __TEXT -Xlinker __entitlements -Xlinker /Users/seven/Library/Developer/Xcode/DerivedData/FootprintMap-eophndivrlpxbbcrlehafohdrtst/Build/Intermediates.noindex/FootprintMap.build/Debug-iphonesimulator/FootprintMap.build/FootprintMap.app-Simulated.xcent -Xlinker -sectcreate -Xlinker __TEXT -Xlinker __ents_der -Xlinker /Users/seven/Library/Developer/Xcode/DerivedData/FootprintMap-eophndivrlpxbbcrlehafohdrtst/Build/Intermediates.noindex/FootprintMap.build/Debug-iphonesimulator/FootprintMap.build/FootprintMap.app-Simulated.xcent.der /Users/seven/Library/Developer/Xcode/DerivedData/FootprintMap-eophndivrlpxbbcrlehafohdrtst/Build/Intermediates.noindex/FootprintMap.build/Debug-iphonesimulator/FootprintMap.build/Objects-normal/arm64/Binary/FootprintMap.debug.dylib -Xlinker -no_adhoc_codesign -o /Users/seven/Library/Developer/Xcode/DerivedData/FootprintMap-eophndivrlpxbbcrlehafohdrtst/Build/Intermediates.noindex/FootprintMap.build/Debug-iphonesimulator/FootprintMap.build/Objects-normal/arm64/Binary/FootprintMap

CreateUniversalBinary /Users/seven/Library/Developer/Xcode/DerivedData/FootprintMap-eophndivrlpxbbcrlehafohdrtst/Build/Products/Debug-iphonesimulator/FootprintMap.app/FootprintMap normal arm64\ x86_64 (in target 'FootprintMap' from project 'FootprintMap')
    cd /Users/seven/Downloads/PhotoTrail/FootprintMap
    /Applications/Xcode.app/Contents/Developer/Toolchains/XcodeDefault.xctoolchain/usr/bin/lipo -create /Users/seven/Library/Developer/Xcode/DerivedData/FootprintMap-eophndivrlpxbbcrlehafohdrtst/Build/Intermediates.noindex/FootprintMap.build/Debug-iphonesimulator/FootprintMap.build/Objects-normal/arm64/Binary/FootprintMap /Users/seven/Library/Developer/Xcode/DerivedData/FootprintMap-eophndivrlpxbbcrlehafohdrtst/Build/Intermediates.noindex/FootprintMap.build/Debug-iphonesimulator/FootprintMap.build/Objects-normal/x86_64/Binary/FootprintMap -output /Users/seven/Library/Developer/Xcode/DerivedData/FootprintMap-eophndivrlpxbbcrlehafohdrtst/Build/Products/Debug-iphonesimulator/FootprintMap.app/FootprintMap

CopySwiftLibs /Users/seven/Library/Developer/Xcode/DerivedData/FootprintMap-eophndivrlpxbbcrlehafohdrtst/Build/Products/Debug-iphonesimulator/FootprintMap.app (in target 'FootprintMap' from project 'FootprintMap')
    cd /Users/seven/Downloads/PhotoTrail/FootprintMap
    builtin-swiftStdLibTool --copy --verbose --sign - --scan-executable /Users/seven/Library/Developer/Xcode/DerivedData/FootprintMap-eophndivrlpxbbcrlehafohdrtst/Build/Products/Debug-iphonesimulator/FootprintMap.app/FootprintMap.debug.dylib --scan-folder /Users/seven/Library/Developer/Xcode/DerivedData/FootprintMap-eophndivrlpxbbcrlehafohdrtst/Build/Products/Debug-iphonesimulator/FootprintMap.app/Frameworks --scan-folder /Users/seven/Library/Developer/Xcode/DerivedData/FootprintMap-eophndivrlpxbbcrlehafohdrtst/Build/Products/Debug-iphonesimulator/FootprintMap.app/PlugIns --scan-folder /Users/seven/Library/Developer/Xcode/DerivedData/FootprintMap-eophndivrlpxbbcrlehafohdrtst/Build/Products/Debug-iphonesimulator/FootprintMap.app/SystemExtensions --scan-folder /Users/seven/Library/Developer/Xcode/DerivedData/FootprintMap-eophndivrlpxbbcrlehafohdrtst/Build/Products/Debug-iphonesimulator/FootprintMap.app/Extensions --platform iphonesimulator --toolchain /Users/seven/Library/Developer/DVTDownloads/MetalToolchain/mounts/058e1b31129b642e40598a87b55aa54b2a29e538/Metal.xctoolchain --toolchain /Applications/Xcode.app/Contents/Developer/Toolchains/XcodeDefault.xctoolchain --destination /Users/seven/Library/Developer/Xcode/DerivedData/FootprintMap-eophndivrlpxbbcrlehafohdrtst/Build/Products/Debug-iphonesimulator/FootprintMap.app/Frameworks --strip-bitcode --strip-bitcode-tool /Applications/Xcode.app/Contents/Developer/Toolchains/XcodeDefault.xctoolchain/usr/bin/bitcode_strip --emit-dependency-info /Users/seven/Library/Developer/Xcode/DerivedData/FootprintMap-eophndivrlpxbbcrlehafohdrtst/Build/Intermediates.noindex/FootprintMap.build/Debug-iphonesimulator/FootprintMap.build/SwiftStdLibToolInputDependencies.dep --filter-for-swift-os --back-deploy-swift-span

ExtractAppIntentsMetadata (in target 'FootprintMap' from project 'FootprintMap')
    cd /Users/seven/Downloads/PhotoTrail/FootprintMap
    /Applications/Xcode.app/Contents/Developer/Toolchains/XcodeDefault.xctoolchain/usr/bin/appintentsmetadataprocessor --toolchain-dir /Users/seven/Library/Developer/DVTDownloads/MetalToolchain/mounts/058e1b31129b642e40598a87b55aa54b2a29e538/Metal.xctoolchain --module-name FootprintMap --sdk-root /Applications/Xcode.app/Contents/Developer/Platforms/iPhoneSimulator.platform/Developer/SDKs/iPhoneSimulator26.2.sdk --xcode-version 17C529 --platform-family iOS --deployment-target 17.0 --bundle-identifier com.seven.FootprintMap --output /Users/seven/Library/Developer/Xcode/DerivedData/FootprintMap-eophndivrlpxbbcrlehafohdrtst/Build/Products/Debug-iphonesimulator/FootprintMap.app --target-triple arm64-apple-ios17.0-simulator --target-triple x86_64-apple-ios17.0-simulator --binary-file /Users/seven/Library/Developer/Xcode/DerivedData/FootprintMap-eophndivrlpxbbcrlehafohdrtst/Build/Products/Debug-iphonesimulator/FootprintMap.app/FootprintMap --dependency-file /Users/seven/Library/Developer/Xcode/DerivedData/FootprintMap-eophndivrlpxbbcrlehafohdrtst/Build/Intermediates.noindex/FootprintMap.build/Debug-iphonesimulator/FootprintMap.build/Objects-normal/arm64/FootprintMap_dependency_info.dat --dependency-file /Users/seven/Library/Developer/Xcode/DerivedData/FootprintMap-eophndivrlpxbbcrlehafohdrtst/Build/Intermediates.noindex/FootprintMap.build/Debug-iphonesimulator/FootprintMap.build/Objects-normal/x86_64/FootprintMap_dependency_info.dat --stringsdata-file /Users/seven/Library/Developer/Xcode/DerivedData/FootprintMap-eophndivrlpxbbcrlehafohdrtst/Build/Intermediates.noindex/FootprintMap.build/Debug-iphonesimulator/FootprintMap.build/Objects-normal/arm64/ExtractedAppShortcutsMetadata.stringsdata --stringsdata-file /Users/seven/Library/Developer/Xcode/DerivedData/FootprintMap-eophndivrlpxbbcrlehafohdrtst/Build/Intermediates.noindex/FootprintMap.build/Debug-iphonesimulator/FootprintMap.build/Objects-normal/x86_64/ExtractedAppShortcutsMetadata.stringsdata --source-file-list /Users/seven/Library/Developer/Xcode/DerivedData/FootprintMap-eophndivrlpxbbcrlehafohdrtst/Build/Intermediates.noindex/FootprintMap.build/Debug-iphonesimulator/FootprintMap.build/Objects-normal/arm64/FootprintMap.SwiftFileList --source-file-list /Users/seven/Library/Developer/Xcode/DerivedData/FootprintMap-eophndivrlpxbbcrlehafohdrtst/Build/Intermediates.noindex/FootprintMap.build/Debug-iphonesimulator/FootprintMap.build/Objects-normal/x86_64/FootprintMap.SwiftFileList --metadata-file-list /Users/seven/Library/Developer/Xcode/DerivedData/FootprintMap-eophndivrlpxbbcrlehafohdrtst/Build/Intermediates.noindex/FootprintMap.build/Debug-iphonesimulator/FootprintMap.build/FootprintMap.DependencyMetadataFileList --static-metadata-file-list /Users/seven/Library/Developer/Xcode/DerivedData/FootprintMap-eophndivrlpxbbcrlehafohdrtst/Build/Intermediates.noindex/FootprintMap.build/Debug-iphonesimulator/FootprintMap.build/FootprintMap.DependencyStaticMetadataFileList --swift-const-vals-list /Users/seven/Library/Developer/Xcode/DerivedData/FootprintMap-eophndivrlpxbbcrlehafohdrtst/Build/Intermediates.noindex/FootprintMap.build/Debug-iphonesimulator/FootprintMap.build/Objects-normal/arm64/FootprintMap.SwiftConstValuesFileList --swift-const-vals-list /Users/seven/Library/Developer/Xcode/DerivedData/FootprintMap-eophndivrlpxbbcrlehafohdrtst/Build/Intermediates.noindex/FootprintMap.build/Debug-iphonesimulator/FootprintMap.build/Objects-normal/x86_64/FootprintMap.SwiftConstValuesFileList --compile-time-extraction --deployment-aware-processing --validate-assistant-intents --no-app-shortcuts-localization
2026-03-18 10:39:35.625 appintentsmetadataprocessor[48764:3875969] Starting appintentsmetadataprocessor export
2026-03-18 10:39:35.627 appintentsmetadataprocessor[48764:3875969] warning: Metadata extraction skipped. No AppIntents.framework dependency found.

CodeSign /Users/seven/Library/Developer/Xcode/DerivedData/FootprintMap-eophndivrlpxbbcrlehafohdrtst/Build/Products/Debug-iphonesimulator/FootprintMap.app/FootprintMap.debug.dylib (in target 'FootprintMap' from project 'FootprintMap')
    cd /Users/seven/Downloads/PhotoTrail/FootprintMap
    
    Signing Identity:     "Sign to Run Locally"
    
    /usr/bin/codesign --force --sign - --timestamp\=none --generate-entitlement-der /Users/seven/Library/Developer/Xcode/DerivedData/FootprintMap-eophndivrlpxbbcrlehafohdrtst/Build/Products/Debug-iphonesimulator/FootprintMap.app/FootprintMap.debug.dylib

CodeSign /Users/seven/Library/Developer/Xcode/DerivedData/FootprintMap-eophndivrlpxbbcrlehafohdrtst/Build/Products/Debug-iphonesimulator/FootprintMap.app/__preview.dylib (in target 'FootprintMap' from project 'FootprintMap')
    cd /Users/seven/Downloads/PhotoTrail/FootprintMap
    
    Signing Identity:     "Sign to Run Locally"
    
    /usr/bin/codesign --force --sign - --timestamp\=none --generate-entitlement-der /Users/seven/Library/Developer/Xcode/DerivedData/FootprintMap-eophndivrlpxbbcrlehafohdrtst/Build/Products/Debug-iphonesimulator/FootprintMap.app/__preview.dylib
/Users/seven/Library/Developer/Xcode/DerivedData/FootprintMap-eophndivrlpxbbcrlehafohdrtst/Build/Products/Debug-iphonesimulator/FootprintMap.app/__preview.dylib: replacing existing signature

CodeSign /Users/seven/Library/Developer/Xcode/DerivedData/FootprintMap-eophndivrlpxbbcrlehafohdrtst/Build/Products/Debug-iphonesimulator/FootprintMap.app (in target 'FootprintMap' from project 'FootprintMap')
    cd /Users/seven/Downloads/PhotoTrail/FootprintMap
    
    Signing Identity:     "Sign to Run Locally"
    
    /usr/bin/codesign --force --sign - --timestamp\=none --generate-entitlement-der /Users/seven/Library/Developer/Xcode/DerivedData/FootprintMap-eophndivrlpxbbcrlehafohdrtst/Build/Products/Debug-iphonesimulator/FootprintMap.app

Validate /Users/seven/Library/Developer/Xcode/DerivedData/FootprintMap-eophndivrlpxbbcrlehafohdrtst/Build/Products/Debug-iphonesimulator/FootprintMap.app (in target 'FootprintMap' from project 'FootprintMap')
    cd /Users/seven/Downloads/PhotoTrail/FootprintMap
    builtin-validationUtility /Users/seven/Library/Developer/Xcode/DerivedData/FootprintMap-eophndivrlpxbbcrlehafohdrtst/Build/Products/Debug-iphonesimulator/FootprintMap.app -shallow-bundle -infoplist-subpath Info.plist

** BUILD SUCCEEDED **

